Component: Arm Compiler for Embedded 6.19 Tool: armlink [5e73cb00]

==============================================================================

Section Cross References

    startup_stm32l433xx.o(STACK) refers (Special) to heapauxi.o(.text) for __use_two_region_memory
    startup_stm32l433xx.o(HEAP) refers (Special) to heapauxi.o(.text) for __use_two_region_memory
    startup_stm32l433xx.o(RESET) refers (Special) to heapauxi.o(.text) for __use_two_region_memory
    startup_stm32l433xx.o(RESET) refers to startup_stm32l433xx.o(STACK) for __initial_sp
    startup_stm32l433xx.o(RESET) refers to startup_stm32l433xx.o(.text) for Reset_Handler
    startup_stm32l433xx.o(RESET) refers to stm32l4xx_it.o(.text.NMI_Handler) for NMI_Handler
    startup_stm32l433xx.o(RESET) refers to stm32l4xx_it.o(.text.HardFault_Handler) for HardFault_Handler
    startup_stm32l433xx.o(RESET) refers to stm32l4xx_it.o(.text.MemManage_Handler) for MemManage_Handler
    startup_stm32l433xx.o(RESET) refers to stm32l4xx_it.o(.text.BusFault_Handler) for BusFault_Handler
    startup_stm32l433xx.o(RESET) refers to stm32l4xx_it.o(.text.UsageFault_Handler) for UsageFault_Handler
    startup_stm32l433xx.o(RESET) refers to stm32l4xx_it.o(.text.SVC_Handler) for SVC_Handler
    startup_stm32l433xx.o(RESET) refers to stm32l4xx_it.o(.text.DebugMon_Handler) for DebugMon_Handler
    startup_stm32l433xx.o(RESET) refers to stm32l4xx_it.o(.text.PendSV_Handler) for PendSV_Handler
    startup_stm32l433xx.o(RESET) refers to stm32l4xx_it.o(.text.SysTick_Handler) for SysTick_Handler
    startup_stm32l433xx.o(RESET) refers to stm32l4xx_it.o(.text.USART1_IRQHandler) for USART1_IRQHandler
    startup_stm32l433xx.o(RESET) refers to stm32l4xx_it.o(.text.USART2_IRQHandler) for USART2_IRQHandler
    startup_stm32l433xx.o(.text) refers (Special) to heapauxi.o(.text) for __use_two_region_memory
    startup_stm32l433xx.o(.text) refers to system_stm32l4xx.o(.text.SystemInit) for SystemInit
    startup_stm32l433xx.o(.text) refers to __main.o(!!!main) for __main
    startup_stm32l433xx.o(.text) refers to startup_stm32l433xx.o(HEAP) for Heap_Mem
    startup_stm32l433xx.o(.text) refers to startup_stm32l433xx.o(STACK) for Stack_Mem
    main.o(.text) refers (Special) to _printf_percent.o(.ARM.Collect$$_printf_percent$$00000000) for _printf_percent
    main.o(.text) refers (Special) to _printf_s.o(.ARM.Collect$$_printf_percent$$00000014) for _printf_s
    main.o(.text) refers (Special) to _printf_d.o(.ARM.Collect$$_printf_percent$$00000009) for _printf_d
    main.o(.text) refers (Special) to _printf_u.o(.ARM.Collect$$_printf_percent$$0000000A) for _printf_u
    main.o(.text) refers (Special) to _printf_dec.o(.text) for _printf_int_dec
    main.o(.text) refers (Special) to _printf_str.o(.text) for _printf_str
    main.o(.text.time_current) refers (Special) to _printf_percent.o(.ARM.Collect$$_printf_percent$$00000000) for _printf_percent
    main.o(.text.time_current) refers (Special) to _printf_s.o(.ARM.Collect$$_printf_percent$$00000014) for _printf_s
    main.o(.text.time_current) refers (Special) to _printf_d.o(.ARM.Collect$$_printf_percent$$00000009) for _printf_d
    main.o(.text.time_current) refers (Special) to _printf_u.o(.ARM.Collect$$_printf_percent$$0000000A) for _printf_u
    main.o(.text.time_current) refers (Special) to _printf_dec.o(.text) for _printf_int_dec
    main.o(.text.time_current) refers (Special) to _printf_str.o(.text) for _printf_str
    main.o(.ARM.exidx.text.time_current) refers (Special) to _printf_percent.o(.ARM.Collect$$_printf_percent$$00000000) for _printf_percent
    main.o(.ARM.exidx.text.time_current) refers (Special) to _printf_s.o(.ARM.Collect$$_printf_percent$$00000014) for _printf_s
    main.o(.ARM.exidx.text.time_current) refers (Special) to _printf_d.o(.ARM.Collect$$_printf_percent$$00000009) for _printf_d
    main.o(.ARM.exidx.text.time_current) refers (Special) to _printf_u.o(.ARM.Collect$$_printf_percent$$0000000A) for _printf_u
    main.o(.ARM.exidx.text.time_current) refers (Special) to _printf_dec.o(.text) for _printf_int_dec
    main.o(.ARM.exidx.text.time_current) refers (Special) to _printf_str.o(.text) for _printf_str
    main.o(.ARM.exidx.text.time_current) refers to main.o(.text.time_current) for [Anonymous Symbol]
    main.o(.text.time_elapsed) refers (Special) to _printf_percent.o(.ARM.Collect$$_printf_percent$$00000000) for _printf_percent
    main.o(.text.time_elapsed) refers (Special) to _printf_s.o(.ARM.Collect$$_printf_percent$$00000014) for _printf_s
    main.o(.text.time_elapsed) refers (Special) to _printf_d.o(.ARM.Collect$$_printf_percent$$00000009) for _printf_d
    main.o(.text.time_elapsed) refers (Special) to _printf_u.o(.ARM.Collect$$_printf_percent$$0000000A) for _printf_u
    main.o(.text.time_elapsed) refers (Special) to _printf_dec.o(.text) for _printf_int_dec
    main.o(.text.time_elapsed) refers (Special) to _printf_str.o(.text) for _printf_str
[...]
    cosem_setSecuritySetup                   0x0800ba91   Thumb Code   304  gxsetignoremalloc.o(.text.cosem_setSecuritySetup)
    cosem_setStructure                       0x0800bbc1   Thumb Code    30  cosem.o(.text.cosem_setStructure)
    cosem_setTimeAsOctetString               0x0800bbe1   Thumb Code    44  cosem.o(.text.cosem_setTimeAsOctetString)
    cosem_setUInt16                          0x0800bc0d   Thumb Code    30  cosem.o(.text.cosem_setUInt16)
    cosem_setUInt32                          0x0800bc2d   Thumb Code    30  cosem.o(.text.cosem_setUInt32)
    cosem_setUInt8                           0x0800bc4d   Thumb Code    30  cosem.o(.text.cosem_setUInt8)
    cosem_setValue                           0x0800bc6d   Thumb Code   518  gxset.o(.text.cosem_setValue)
    cosem_setVariant                         0x0800be75   Thumb Code    18  cosem.o(.text.cosem_setVariant)
    createObjects                            0x0800be89   Thumb Code   436  main.o(.text.createObjects)
    di_init                                  0x0800c055   Thumb Code    12  datainfo.o(.text.di_init)
    dlms_addFrame                            0x0800c061   Thumb Code    86  server.o(.text.dlms_addFrame)
    dlms_addLLCBytes                         0x0800c0b9   Thumb Code    36  dlms.o(.text.dlms_addLLCBytes)
    dlms_appendHdlcParameter                 0x0800c0dd   Thumb Code    46  dlms.o(.text.dlms_appendHdlcParameter)
    dlms_checkHdlcAddress                    0x0800c10d   Thumb Code   242  dlms.o(.text.dlms_checkHdlcAddress)
    dlms_checkLLCBytes                       0x0800c201   Thumb Code    80  dlms.o(.text.dlms_checkLLCBytes)
    dlms_checkWrapperAddress                 0x0800c251   Thumb Code   224  dlms.o(.text.dlms_checkWrapperAddress)
    dlms_generateChallenge                   0x0800c331   Thumb Code   252  dlms.o(.text.dlms_generateChallenge)
    dlms_getData                             0x0800c42d   Thumb Code   650  dlms.o(.text.dlms_getData)
    dlms_getData2                            0x0800c6b9   Thumb Code    24  dlms.o(.text.dlms_getData2)
    dlms_getData3                            0x0800c6d1   Thumb Code   368  dlms.o(.text.dlms_getData3)
    dlms_getDataFromBlock                    0x0800c841   Thumb Code    46  dlms.o(.text.dlms_getDataFromBlock)
    dlms_getGloMessage                       0x0800c871   Thumb Code   286  dlms.o(.text.dlms_getGloMessage)
    dlms_getHDLCAddress                      0x0800c991   Thumb Code   254  dlms.o(.text.dlms_getHDLCAddress)
    dlms_getHdlcData                         0x0800ca91   Thumb Code  1262  dlms.o(.text.dlms_getHdlcData)
    dlms_getHdlcFrame                        0x0800cf85   Thumb Code  1234  dlms.o(.text.dlms_getHdlcFrame)
    dlms_getLNPdu                            0x0800d45d   Thumb Code  1198  dlms.o(.text.dlms_getLNPdu)
    dlms_getMBusData                         0x0800d911   Thumb Code   240  dlms.o(.text.dlms_getMBusData)
    dlms_getPdu                              0x0800da01   Thumb Code   800  dlms.o(.text.dlms_getPdu)
    dlms_getTcpData                          0x0800dd21   Thumb Code   194  dlms.o(.text.dlms_getTcpData)
    dlms_getValueFromData                    0x0800dde5   Thumb Code   210  dlms.o(.text.dlms_getValueFromData)
    dlms_getWrapperFrame                     0x0800deb9   Thumb Code   204  dlms.o(.text.dlms_getWrapperFrame)
    dlms_handleConfirmedServiceError         0x0800df85   Thumb Code    76  dlms.o(.text.dlms_handleConfirmedServiceError)
    dlms_handleDataNotification              0x0800dfd1   Thumb Code   196  dlms.o(.text.dlms_handleDataNotification)
    dlms_handleExceptionResponse             0x0800e095   Thumb Code    92  dlms.o(.text.dlms_handleExceptionResponse)
    dlms_handleGbt                           0x0800e0f1   Thumb Code   288  dlms.o(.text.dlms_handleGbt)
    dlms_handleGeneralCiphering              0x0800e211   Thumb Code   118  dlms.o(.text.dlms_handleGeneralCiphering)
    dlms_handleGloDedRequest                 0x0800e289   Thumb Code   392  dlms.o(.text.dlms_handleGloDedRequest)
    dlms_isPduFull                           0x0800e411   Thumb Code    70  dlms.o(.text.dlms_isPduFull)
    dlms_parseSnrmUaResponse                 0x0800e459   Thumb Code   294  dlms.o(.text.dlms_parseSnrmUaResponse)
    dlms_secure                              0x0800e581   Thumb Code   390  dlms.o(.text.dlms_secure)
    dlms_setData                             0x0800e709   Thumb Code    10  dlms.o(.text.dlms_setData)
    dlms_useDedicatedKey                     0x0800e715   Thumb Code    26  dlms.o(.text.dlms_useDedicatedKey)
    dlms_useHdlc                             0x0800e731   Thumb Code    22  dlms.o(.text.dlms_useHdlc)
    getBcd                                   0x0800e749   Thumb Code   180  dlms.o(.text.getBcd)
    getColumns                               0x0800e8d1   Thumb Code   264  gxget.o(.text.getColumns)
    getDate                                  0x0800e9d9   Thumb Code   150  dlms.o(.text.getDate)
    getDateTime                              0x0800ea71   Thumb Code   424  dlms.o(.text.getDateTime)
    getDouble                                0x0800ec19   Thumb Code    60  dlms.o(.text.getDouble)
    getEnum                                  0x0800ec55   Thumb Code    64  dlms.o(.text.getEnum)
    getFloat                                 0x0800ec95   Thumb Code    60  dlms.o(.text.getFloat)
    getInt16                                 0x0800ecd1   Thumb Code    60  dlms.o(.text.getInt16)
    getInt32                                 0x0800ed0d   Thumb Code    46  dlms.o(.text.getInt32)
    getInt64                                 0x0800ed3d   Thumb Code    60  dlms.o(.text.getInt64)
    getInt8                                  0x0800ed79   Thumb Code    64  dlms.o(.text.getInt8)
    getKeepAlive                             0x0800edb9   Thumb Code    20  dlmssettings.o(.text.getKeepAlive)
    getLNAccessRights                        0x0800edcd   Thumb Code   226  gxget.o(.text.getLNAccessRights)
    getLNObjects                             0x0800eeb1   Thumb Code   676  gxget.o(.text.getLNObjects)
    getNextSend                              0x0800f15d   Thumb Code    50  dlmssettings.o(.text.getNextSend)
    getOctetString                           0x0800f191   Thumb Code   114  dlms.o(.text.getOctetString)
    getReceiverReady                         0x0800f205   Thumb Code    30  dlmssettings.o(.text.getReceiverReady)
    getString                                0x0800f225   Thumb Code   118  dlms.o(.text.getString)
    getTime                                  0x0800f29d   Thumb Code   158  dlms.o(.text.getTime)
    getUInt16                                0x0800f33d   Thumb Code    60  dlms.o(.text.getUInt16)
    getUInt32                                0x0800f379   Thumb Code    46  dlms.o(.text.getUInt32)
    getUInt64                                0x0800f3a9   Thumb Code    60  dlms.o(.text.getUInt64)
    getUInt8                                 0x0800f3e5   Thumb Code    64  dlms.o(.text.getUInt8)
    getUserList                              0x0800f425   Thumb Code   180  gxget.o(.text.getUserList)
    gxaes_ecb_decrypt                        0x0800f4e1   Thumb Code    40  gxaes.o(.text.gxaes_ecb_decrypt)
    gxaes_ecb_encrypt                        0x0800f509   Thumb Code    40  gxaes.o(.text.gxaes_ecb_encrypt)
    hlp_getDataTypeSize                      0x0800f531   Thumb Code    22  helpers.o(.text.hlp_getDataTypeSize)
    hlp_getObjectCount2                      0x0800f549   Thumb Code   128  helpers.o(.text.hlp_getObjectCount2)
    hlp_getObjectCountSizeInBytes            0x0800f5c9   Thumb Code    32  helpers.o(.text.hlp_getObjectCountSizeInBytes)
    hlp_rand                                 0x0800f5e9   Thumb Code    52  helpers.o(.text.hlp_rand)
    hlp_setObjectCount                       0x0800f61d   Thumb Code   100  helpers.o(.text.hlp_setObjectCount)
    hlp_swapBits                             0x0800f681   Thumb Code     8  helpers.o(.text.hlp_swapBits)
    invoke_AssociationLogicalName            0x0800f689   Thumb Code   762  gxinvoke.o(.text.invoke_AssociationLogicalName)
    invoke_Clock                             0x0800f985   Thumb Code   218  gxinvoke.o(.text.invoke_Clock)
    invoke_SapAssigment                      0x0800fa61   Thumb Code   276  gxinvoke.o(.text.invoke_SapAssigment)
    invoke_ScriptTable                       0x0800fb75   Thumb Code   338  gxinvoke.o(.text.invoke_ScriptTable)
    invoke_SecuritySetup                     0x0800fccd   Thumb Code   322  gxinvoke.o(.text.invoke_SecuritySetup)
    isCiphered                               0x0800fe15   Thumb Code    10  dlmssettings.o(.text.isCiphered)
    main                                     0x0800fe21   Thumb Code   738  main.o(.text.main)
    oa_attach                                0x08010105   Thumb Code    12  objectarray.o(.text.oa_attach)
    oa_empty                                 0x08010111   Thumb Code     6  objectarray.o(.text.oa_empty)
    oa_findByLN                              0x08010119   Thumb Code   106  objectarray.o(.text.oa_findByLN)
    oa_getByIndex                            0x08010185   Thumb Code    24  objectarray.o(.text.oa_getByIndex)
    oa_init                                  0x0801019d   Thumb Code     8  objectarray.o(.text.oa_init)
    obj_attributeCount                       0x080101a5   Thumb Code   460  gxobjects.o(.text.obj_attributeCount)
    obj_clearByteBufferList                  0x08010371   Thumb Code    10  gxobjects.o(.text.obj_clearByteBufferList)
    obj_clearCertificateInfo                 0x0801037d   Thumb Code    10  gxobjects.o(.text.obj_clearCertificateInfo)
    obj_clearProfileGenericCaptureObjects    0x08010389   Thumb Code    10  gxobjects.o(.text.obj_clearProfileGenericCaptureObjects)
    obj_clearPushObjectList                  0x08010395   Thumb Code    10  gxobjects.o(.text.obj_clearPushObjectList)
    obj_clearSapList                         0x080103a1   Thumb Code    10  gxobjects.o(.text.obj_clearSapList)
    obj_clearScriptTable                     0x080103ad   Thumb Code    10  gxobjects.o(.text.obj_clearScriptTable)
    obj_getLogicalName                       0x080103b9   Thumb Code    18  gxobjects.o(.text.obj_getLogicalName)
    obj_methodCount                          0x080103cd   Thumb Code   324  gxobjects.o(.text.obj_methodCount)
    params_initLN                            0x08010511   Thumb Code    66  parameters.o(.text.params_initLN)
    reply_clear2                             0x08010555   Thumb Code    60  replydata.o(.text.reply_clear2)
    reply_init                               0x08010591   Thumb Code    56  replydata.o(.text.reply_init)
    resetBlockIndex                          0x080105c9   Thumb Code     8  dlmssettings.o(.text.resetBlockIndex)
    resetFrameSequence                       0x080105d1   Thumb Code    32  dlmssettings.o(.text.resetFrameSequence)
    setCaptureObjects                        0x080105f1   Thumb Code   204  gxsetignoremalloc.o(.text.setCaptureObjects)
    svr_HandleAarqRequest                    0x080106c5   Thumb Code   856  server.o(.text.svr_HandleAarqRequest)
    svr_connected                            0x08010a1d   Thumb Code     4  main.o(.text.svr_connected)
    svr_disconnected                         0x08010a21   Thumb Code     4  main.o(.text.svr_disconnected)
    svr_findObject                           0x08010a25   Thumb Code    20  main.o(.text.svr_findObject)
    svr_generateConfirmedServiceError        0x08010a39   Thumb Code    78  server.o(.text.svr_generateConfirmedServiceError)
    svr_generateDisconnectRequest            0x08010a89   Thumb Code   164  server.o(.text.svr_generateDisconnectRequest)
    svr_generateExceptionResponse            0x08010b2d   Thumb Code   186  server.o(.text.svr_generateExceptionResponse)
    svr_getAttributeAccess                   0x08010be9   Thumb Code    36  main.o(.text.svr_getAttributeAccess)
    svr_getMethodAccess                      0x08010c0d   Thumb Code    32  main.o(.text.svr_getMethodAccess)
    svr_getRequestNextDataBlock              0x08010c2d   Thumb Code   326  server.o(.text.svr_getRequestNextDataBlock)
    svr_getRequestNormal                     0x08010d79   Thumb Code   662  server.o(.text.svr_getRequestNormal)
    svr_getRequestWithList                   0x08011015   Thumb Code   674  server.o(.text.svr_getRequestWithList)
    svr_getTarget                            0x080112bd   Thumb Code   210  server.o(.text.svr_getTarget)
    svr_handleCommand                        0x08011395   Thumb Code   764  server.o(.text.svr_handleCommand)
    svr_handleGetRequest                     0x08011691   Thumb Code   210  server.o(.text.svr_handleGetRequest)
    svr_handleMethodRequest                  0x08011765   Thumb Code   730  server.o(.text.svr_handleMethodRequest)
    svr_handleReleaseRequest                 0x08011a45   Thumb Code   350  server.o(.text.svr_handleReleaseRequest)
    svr_handleRequest                        0x08011ba5   Thumb Code    48  server.o(.text.svr_handleRequest)
    svr_handleRequest4                       0x08011bd5   Thumb Code  1158  server.o(.text.svr_handleRequest4)
    svr_handleSetRequest                     0x0801205d   Thumb Code   194  server.o(.text.svr_handleSetRequest)
    svr_handleSetRequest2                    0x08012121   Thumb Code   464  server.o(.text.svr_handleSetRequest2)
    svr_handleSetRequestWithList             0x080122f9   Thumb Code   442  server.o(.text.svr_handleSetRequestWithList)
    svr_handleSnrmRequest                    0x080124b9   Thumb Code   312  server.o(.text.svr_handleSnrmRequest)
    svr_init                                 0x080125f1   Thumb Code   164  dlmssettings.o(.text.svr_init)
    svr_initialize                           0x0801269d   Thumb Code   168  server.o(.text.svr_initialize)
    svr_invalidConnection                    0x0801274d   Thumb Code     4  main.o(.text.svr_invalidConnection)
    svr_isTarget                             0x08012751   Thumb Code    82  main.o(.text.svr_isTarget)
    svr_postAction                           0x080127a5   Thumb Code    40  main.o(.text.svr_postAction)
    svr_postGet                              0x080127cd   Thumb Code     2  main.o(.text.svr_postGet)
    svr_postRead                             0x080127d1   Thumb Code     2  main.o(.text.svr_postRead)
    svr_postWrite                            0x080127d5   Thumb Code     2  main.o(.text.svr_postWrite)
    svr_preAction                            0x080127d9   Thumb Code    40  main.o(.text.svr_preAction)
    svr_preGet                               0x08012801   Thumb Code    40  main.o(.text.svr_preGet)
    svr_preRead                              0x08012829   Thumb Code   146  main.o(.text.svr_preRead)
    svr_preWrite                             0x080128bd   Thumb Code     2  main.o(.text.svr_preWrite)
    svr_reportError                          0x080128c1   Thumb Code   216  server.o(.text.svr_reportError)
    svr_reset                                0x08012999   Thumb Code    92  server.o(.text.svr_reset)
    svr_validateAuthentication               0x080129f5   Thumb Code     4  main.o(.text.svr_validateAuthentication)
    time_addHours                            0x080129f9   Thumb Code    14  date.o(.text.time_addHours)
    time_addMinutes                          0x08012a09   Thumb Code    14  date.o(.text.time_addMinutes)
    time_addSeconds                          0x08012a19   Thumb Code     8  date.o(.text.time_addSeconds)
    time_addTime                             0x08012a21   Thumb Code    28  date.o(.text.time_addTime)
    time_clear                               0x08012a3d   Thumb Code    10  date.o(.text.time_clear)
    time_clearDate                           0x08012a49   Thumb Code    44  date.o(.text.time_clearDate)
    time_clearTime                           0x08012a75   Thumb Code    82  date.o(.text.time_clearTime)
    time_compare                             0x08012ac9   Thumb Code    26  date.o(.text.time_compare)
    time_compareWithDiff                     0x08012ae5   Thumb Code   800  date.o(.text.time_compareWithDiff)
    time_elapsed                             0x08012e0d   Thumb Code     4  main.o(.text.time_elapsed)
    time_fromUnixTime2                       0x08012e11   Thumb Code   464  date.o(.text.time_fromUnixTime2)
    time_getHours                            0x08012fe1   Thumb Code    42  date.o(.text.time_getHours)
    time_getMinutes                          0x0801300d   Thumb Code    34  date.o(.text.time_getMinutes)
    time_getSeconds                          0x08013031   Thumb Code    28  date.o(.text.time_getSeconds)
    time_init                                0x0801304d   Thumb Code   330  date.o(.text.time_init)
    time_initUnix                            0x08013199   Thumb Code    12  date.o(.text.time_initUnix)
    time_toUTC                               0x080131a5   Thumb Code    46  date.o(.text.time_toUTC)
    time_toUnixTime2                         0x080131d5   Thumb Code   340  date.o(.text.time_toUnixTime2)
    trans_clear                              0x08013359   Thumb Code    10  dlmssettings.o(.text.trans_clear)
    updateInvokeId                           0x08013365   Thumb Code    24  dlmssettings.o(.text.updateInvokeId)
    va_getByIndex                            0x0801337d   Thumb Code    28  variant.o(.text.va_getByIndex)
    va_getCapacity                           0x08013399   Thumb Code     8  variant.o(.text.va_getCapacity)
    var_clear                                0x080133a1   Thumb Code    26  variant.o(.text.var_clear)
    var_copy                                 0x080133bd   Thumb Code   326  variant.o(.text.var_copy)
    var_getBytes2                            0x08013505   Thumb Code     6  variant.o(.text.var_getBytes2)
    var_getBytes3                            0x0801350d   Thumb Code   728  variant.o(.text.var_getBytes3)
    var_getDate                              0x080137e5   Thumb Code   210  variant.o(.text.var_getDate)
    var_getDateTime2                         0x080138b9   Thumb Code   354  variant.o(.text.var_getDateTime2)
    var_getTime                              0x08013a1d   Thumb Code   144  variant.o(.text.var_getTime)
    var_init                                 0x08013aad   Thumb Code    12  variant.o(.text.var_init)
    var_setUInt16                            0x08013ab9   Thumb Code    30  variant.o(.text.var_setUInt16)
    var_toInteger                            0x08013ad9   Thumb Code   164  variant.o(.text.var_toInteger)
    ve_clear                                 0x08013b7d   Thumb Code    40  gxvalueeventargs.o(.text.ve_clear)
    ve_init                                  0x08013ba5   Thumb Code    40  gxvalueeventargs.o(.text.ve_init)
    vec_attach                               0x08013bcd   Thumb Code    16  gxvalueeventargs.o(.text.vec_attach)
    vec_clear                                0x08013bdd   Thumb Code     8  gxvalueeventargs.o(.text.vec_clear)
    vec_empty                                0x08013be5   Thumb Code     8  gxvalueeventargs.o(.text.vec_empty)
    vec_getByIndex                           0x08013bed   Thumb Code    26  gxvalueeventargs.o(.text.vec_getByIndex)
    vec_init                                 0x08013c09   Thumb Code    10  gxvalueeventargs.o(.text.vec_init)
    _is_digit                                0x08013c13   Thumb Code    14  __printf_wp.o(i._is_digit)
    _get_lc_ctype                            0x08013c21   Thumb Code    44  lc_ctype_c.o(locale$$code)
    __aeabi_dadd                             0x08013c4d   Thumb Code     0  daddsub_clz.o(x$fpl$dadd)
    _dadd                                    0x08013c4d   Thumb Code   332  daddsub_clz.o(x$fpl$dadd)
    __aeabi_d2iz                             0x08013d9d   Thumb Code     0  dfix.o(x$fpl$dfix)
    _dfix                                    0x08013d9d   Thumb Code    94  dfix.o(x$fpl$dfix)
    __aeabi_i2d                              0x08013dfb   Thumb Code     0  dflt_clz.o(x$fpl$dflt)
    _dflt                                    0x08013dfb   Thumb Code    46  dflt_clz.o(x$fpl$dflt)
    __aeabi_ui2d                             0x08013e29   Thumb Code     0  dflt_clz.o(x$fpl$dfltu)
    _dfltu                                   0x08013e29   Thumb Code    38  dflt_clz.o(x$fpl$dfltu)
    __aeabi_dmul                             0x08013e51   Thumb Code     0  dmul.o(x$fpl$dmul)
    _dmul                                    0x08013e51   Thumb Code   332  dmul.o(x$fpl$dmul)
    __fpl_dnaninf                            0x08013fa5   Thumb Code   156  dnaninf.o(x$fpl$dnaninf)
    __fpl_dretinf                            0x08014041   Thumb Code    12  dretinf.o(x$fpl$dretinf)
    __aeabi_dsub                             0x0801404d   Thumb Code     0  daddsub_clz.o(x$fpl$dsub)
    _dsub                                    0x0801404d   Thumb Code   472  daddsub_clz.o(x$fpl$dsub)
    _fp_init                                 0x08014229   Thumb Code    26  fpinit.o(x$fpl$fpinit)
    __fplib_config_fpu_vfp                   0x08014241   Thumb Code     0  fpinit.o(x$fpl$fpinit)
    __fplib_config_pureend_doubles           0x08014241   Thumb Code     0  fpinit.o(x$fpl$fpinit)
    __I$use$fp                               0x08014242   Number         0  usenofp.o(x$fpl$usenofp)
    AHBPrescTable                            0x080142f8   Data          16  system_stm32l4xx.o(.rodata.AHBPrescTable)
    APBPrescTable                            0x08014308   Data           8  system_stm32l4xx.o(.rodata.APBPrescTable)
    MSIRangeTable                            0x0801455c   Data          48  system_stm32l4xx.o(.rodata.MSIRangeTable)
    Region$$Table$$Base                      0x08014bd4   Number         0  anon$$obj.o(Region$$Table)
    Region$$Table$$Limit                     0x08014bf4   Number         0  anon$$obj.o(Region$$Table)
    __ctype                                  0x08014c01   Data           0  lc_ctype_c.o(locale$$data)
    SERIAL_NUMBER                            0x20000000   Data           4  main.o(.data..L_MergedGlobals)
    uwTickFreq                               0x20000018   Data           1  stm32l4xx_hal.o(.data..L_MergedGlobals)
    uwTickPrio                               0x2000001c   Data           4  stm32l4xx_hal.o(.data..L_MergedGlobals)
    SystemCoreClock                          0x20000020   Data           4  system_stm32l4xx.o(.data.SystemCoreClock)
    lfsr                                     0x20000024   Data           2  helpers.o(.data.lfsr)
    __libspace_start                         0x20000028   Data          96  libspace.o(.bss)
    __temporary_stack_top$libspace           0x20000088   Data           0  libspace.o(.bss)
    association                              0x20000330   Data         128  main.o(.bss.association)
    bit                                      0x200003b0   Data           4  helpers.o(.bss.bit)
    huart1                                   0x20000904   Data         180  main.o(.bss.huart1)
    huart2                                   0x200009b8   Data         180  main.o(.bss.huart2)
    pduAttributes                            0x20000a6c   Data          70  dlms.o(.bss.pduAttributes)
    settings                                 0x20000ec8   Data         440  main.o(.bss.settings)
    uwTick                                   0x20001080   Data           4  stm32l4xx_hal.o(.bss.uwTick)



==============================================================================

Memory Map of the image

  Image Entry point : 0x0800018d

  Load Region LR_IROM1 (Base: 0x08000000, Size: 0x00014d30, Max: 0x00040000, ABSOLUTE)

    Execution Region ER_IROM1 (Exec base: 0x08000000, Load base: 0x08000000, Size: 0x00014d04, Max: 0x00040000, ABSOLUTE)

    Exec Addr    Load Addr    Size         Type   Attr      Idx    E Section Name        Object

    0x08000000   0x08000000   0x0000018c   Data   RO            3    RESET               startup_stm32l433xx.o
    0x0800018c   0x0800018c   0x00000008   Code   RO         2580  * !!!main             c_w.l(__main.o)
    0x08000194   0x08000194   0x00000034   Code   RO         3009    !!!scatter          c_w.l(__scatter.o)
    0x080001c8   0x080001c8   0x0000001a   Code   RO         3011    !!handler_copy      c_w.l(__scatter_copy.o)
    0x080001e2   0x080001e2   0x00000002   PAD
    0x080001e4   0x080001e4   0x0000001c   Code   RO         3013    !!handler_zi        c_w.l(__scatter_zi.o)
    0x08000200   0x08000200   0x00000000   Code   RO         2562    .ARM.Collect$$_printf_percent$$00000000  c_w.l(_printf_percent.o)
    0x08000200   0x08000200   0x00000006   Code   RO         2558    .ARM.Collect$$_printf_percent$$00000001  c_w.l(_printf_n.o)
    0x08000206   0x08000206   0x00000006   Code   RO         2559    .ARM.Collect$$_printf_percent$$00000002  c_w.l(_printf_p.o)
    0x0800020c   0x0800020c   0x00000006   Code   RO         2560    .ARM.Collect$$_printf_percent$$00000009  c_w.l(_printf_d.o)
    0x08000212   0x08000212   0x00000006   Code   RO         2561    .ARM.Collect$$_printf_percent$$0000000A  c_w.l(_printf_u.o)
    0x08000218   0x08000218   0x0000000a   Code   RO         2630    .ARM.Collect$$_printf_percent$$00000012  c_w.l(_printf_l.o)
    0x08000222   0x08000222   0x00000006   Code   RO         2557    .ARM.Collect$$_printf_percent$$00000014  c_w.l(_printf_s.o)
    0x08000228   0x08000228   0x00000006   Code   RO         2563    .ARM.Collect$$_printf_percent$$00000016  c_w.l(_printf_ls.o)
    0x0800022e   0x0800022e   0x00000004   Code   RO         2629    .ARM.Collect$$_printf_percent$$00000017  c_w.l(_printf_percent_end.o)
    0x08000232   0x08000232   0x00000002   Code   RO         2790    .ARM.Collect$$libinit$$00000000  c_w.l(libinit.o)
    0x08000234   0x08000234   0x00000004   Code   RO         2791    .ARM.Collect$$libinit$$00000001  c_w.l(libinit2.o)
    0x08000238   0x08000238   0x00000000   Code   RO         2794    .ARM.Collect$$libinit$$00000004  c_w.l(libinit2.o)
    0x08000238   0x08000238   0x00000000   Code   RO         2796    .ARM.Collect$$libinit$$00000006  c_w.l(libinit2.o)
    0x08000238   0x08000238   0x00000000   Code   RO         2799    .ARM.Collect$$libinit$$0000000C  c_w.l(libinit2.o)
    0x08000238   0x08000238   0x00000000   Code   RO         2801    .ARM.Collect$$libinit$$0000000E  c_w.l(libinit2.o)
    0x08000238   0x08000238   0x00000000   Code   RO         2803    .ARM.Collect$$libinit$$00000010  c_w.l(libinit2.o)
    0x08000238   0x08000238   0x00000006   Code   RO         2804    .ARM.Collect$$libinit$$00000011  c_w.l(libinit2.o)
    0x0800023e   0x0800023e   0x00000000   Code   RO         2806    .ARM.Collect$$libinit$$00000013  c_w.l(libinit2.o)
    0x0800023e   0x0800023e   0x0000000c   Code   RO         2807    .ARM.Collect$$libinit$$00000014  c_w.l(libinit2.o)
    0x0800024a   0x0800024a   0x00000000   Code   RO         2808    .ARM.Collect$$libinit$$00000015  c_w.l(libinit2.o)
    0x0800024a   0x0800024a   0x00000000   Code   RO         2810    .ARM.Collect$$libinit$$00000017  c_w.l(libinit2.o)
    0x0800024a   0x0800024a   0x00000000   Code   RO         2812    .ARM.Collect$$libinit$$00000019  c_w.l(libinit2.o)
    0x0800024a   0x0800024a   0x00000000   Code   RO         2814    .ARM.Collect$$libinit$$0000001B  c_w.l(libinit2.o)
    0x0800024a   0x0800024a   0x00000000   Code   RO         2816    .ARM.Collect$$libinit$$0000001D  c_w.l(libinit2.o)
    0x0800024a   0x0800024a   0x00000000   Code   RO         2818    .ARM.Collect$$libinit$$0000001F  c_w.l(libinit2.o)
    0x0800024a   0x0800024a   0x00000000   Code   RO         2820    .ARM.Collect$$libinit$$00000021  c_w.l(libinit2.o)
    0x0800024a   0x0800024a   0x00000000   Code   RO         2822    .ARM.Collect$$libinit$$00000023  c_w.l(libinit2.o)
    0x0800024a   0x0800024a   0x00000000   Code   RO         2824    .ARM.Collect$$libinit$$00000025  c_w.l(libinit2.o)
    0x0800024a   0x0800024a   0x00000000   Code   RO         2826    .ARM.Collect$$libinit$$00000027  c_w.l(libinit2.o)
    0x0800024a   0x0800024a   0x00000000   Code   RO         2830    .ARM.Collect$$libinit$$0000002E  c_w.l(libinit2.o)
    0x0800024a   0x0800024a   0x00000000   Code   RO         2832    .ARM.Collect$$libinit$$00000030  c_w.l(libinit2.o)
    0x0800024a   0x0800024a   0x00000000   Code   RO         2834    .ARM.Collect$$libinit$$00000032  c_w.l(libinit2.o)
    0x0800024a   0x0800024a   0x00000000   Code   RO         2836    .ARM.Collect$$libinit$$00000034  c_w.l(libinit2.o)
    0x0800024a   0x0800024a   0x00000002   Code   RO         2837    .ARM.Collect$$libinit$$00000035  c_w.l(libinit2.o)
    0x0800024c   0x0800024c   0x00000002   Code   RO         2990    .ARM.Collect$$libshutdown$$00000000  c_w.l(libshutdown.o)
    0x0800024e   0x0800024e   0x00000000   Code   RO         2839    .ARM.Collect$$libshutdown$$00000002  c_w.l(libshutdown2.o)
    0x0800024e   0x0800024e   0x00000000   Code   RO         2841    .ARM.Collect$$libshutdown$$00000004  c_w.l(libshutdown2.o)
    0x0800024e   0x0800024e   0x00000000   Code   RO         2844    .ARM.Collect$$libshutdown$$00000007  c_w.l(libshutdown2.o)
    0x0800024e   0x0800024e   0x00000000   Code   RO         2847    .ARM.Collect$$libshutdown$$0000000A  c_w.l(libshutdown2.o)
    0x0800024e   0x0800024e   0x00000000   Code   RO         2849    .ARM.Collect$$libshutdown$$0000000C  c_w.l(libshutdown2.o)
    0x0800024e   0x0800024e   0x00000000   Code   RO         2852    .ARM.Collect$$libshutdown$$0000000F  c_w.l(libshutdown2.o)
    0x0800024e   0x0800024e   0x00000002   Code   RO         2853    .ARM.Collect$$libshutdown$$00000010  c_w.l(libshutdown2.o)
    0x08000250   0x08000250   0x00000000   Code   RO         2612    .ARM.Collect$$rtentry$$00000000  c_w.l(__rtentry.o)
    0x08000250   0x08000250   0x00000000   Code   RO         2655    .ARM.Collect$$rtentry$$00000002  c_w.l(__rtentry2.o)
    0x08000250   0x08000250   0x00000006   Code   RO         2667    .ARM.Collect$$rtentry$$00000004  c_w.l(__rtentry4.o)
    0x08000256   0x08000256   0x00000000   Code   RO         2657    .ARM.Collect$$rtentry$$00000009  c_w.l(__rtentry2.o)
    0x08000256   0x08000256   0x00000004   Code   RO         2658    .ARM.Collect$$rtentry$$0000000A  c_w.l(__rtentry2.o)
    0x0800025a   0x0800025a   0x00000000   Code   RO         2660    .ARM.Collect$$rtentry$$0000000C  c_w.l(__rtentry2.o)
    0x0800025a   0x0800025a   0x00000008   Code   RO         2661    .ARM.Collect$$rtentry$$0000000D  c_w.l(__rtentry2.o)
    0x08000262   0x08000262   0x00000002   Code   RO         2863    .ARM.Collect$$rtexit$$00000000  c_w.l(rtexit.o)
    0x08000264   0x08000264   0x00000000   Code   RO         2924    .ARM.Collect$$rtexit$$00000002  c_w.l(rtexit2.o)
    0x08000264   0x08000264   0x00000004   Code   RO         2925    .ARM.Collect$$rtexit$$00000003  c_w.l(rtexit2.o)
    0x08000268   0x08000268   0x00000006   Code   RO         2926    .ARM.Collect$$rtexit$$00000004  c_w.l(rtexit2.o)
    0x0800026e   0x0800026e   0x00000002   PAD
    0x08000270   0x08000270   0x00000040   Code   RO            4    .text               startup_stm32l433xx.o
    0x080002b0   0x080002b0   0x000000f0   Code   RO         2491    .text               c_w.l(lludivv7m.o)
    0x080003a0   0x080003a0   0x00000028   Code   RO         2501    .text               c_w.l(noretval__2sprintf.o)
    0x080003c8   0x080003c8   0x0000004e   Code   RO         2505    .text               c_w.l(_printf_pad.o)
    0x08000416   0x08000416   0x00000052   Code   RO         2507    .text               c_w.l(_printf_str.o)
    0x08000468   0x08000468   0x00000078   Code   RO         2509    .text               c_w.l(_printf_dec.o)
    0x080004e0   0x080004e0   0x00000028   Code   RO         2511    .text               c_w.l(_printf_charcount.o)
    0x08000508   0x08000508   0x000000c2   Code   RO         2513    .text               c_w.l(_printf_wctomb.o)
    0x080005ca   0x080005ca   0x00000002   PAD
    0x080005cc   0x080005cc   0x00000054   Code   RO         2525    .text               c_w.l(_printf_hex_ptr.o)
    0x08000620   0x08000620   0x0000018e   Code   RO         2554    .text               c_w.l(__printf_flags_ss_wp.o)
    0x080007ae   0x080007ae   0x00000058   Code   RO         2564    .text               c_w.l(memcmp.o)
    0x08000806   0x08000806   0x0000003e   Code   RO         2566    .text               c_w.l(strlen.o)
    0x08000844   0x08000844   0x0000008a   Code   RO         2568    .text               c_w.l(rt_memcpy_v6.o)
    0x080008ce   0x080008ce   0x00000084   Code   RO         2570    .text               c_w.l(rt_memmove_v6.o)
    0x08000952   0x08000952   0x00000064   Code   RO         2572    .text               c_w.l(rt_memcpy_w.o)
    0x080009b6   0x080009b6   0x00000044   Code   RO         2574    .text               c_w.l(rt_memclr.o)
    0x080009fa   0x080009fa   0x0000004e   Code   RO         2576    .text               c_w.l(rt_memclr_w.o)
    0x08000a48   0x08000a48   0x00000006   Code   RO         2578    .text               c_w.l(heapauxi.o)
    0x08000a4e   0x08000a4e   0x000000b2   Code   RO         2617    .text               c_w.l(_printf_intcommon.o)
    0x08000b00   0x08000b00   0x00000030   Code   RO         2619    .text               c_w.l(_printf_char_common.o)
    0x08000b30   0x08000b30   0x0000000a   Code   RO         2621    .text               c_w.l(_sputc.o)
    0x08000b3a   0x08000b3a   0x0000002c   Code   RO         2623    .text               c_w.l(_printf_char.o)
    0x08000b66   0x08000b66   0x0000002c   Code   RO         2627    .text               c_w.l(_printf_wchar.o)
    0x08000b92   0x08000b92   0x00000048   Code   RO         2637    .text               c_w.l(_c16rtomb.o)
    0x08000bda   0x08000bda   0x0000007a   Code   RO         2639    .text               c_w.l(rt_memmove_w.o)
    0x08000c54   0x08000c54   0x00000010   Code   RO         2669    .text               c_w.l(rt_ctype_table.o)
    0x08000c64   0x08000c64   0x0000004a   Code   RO         2696    .text               c_w.l(sys_stackheap_outer.o)
    0x08000cae   0x08000cae   0x00000002   PAD
    0x08000cb0   0x08000cb0   0x00000008   Code   RO         2701    .text               c_w.l(rt_locale_intlibspace.o)
    0x08000cb8   0x08000cb8   0x00000012   Code   RO         2775    .text               c_w.l(exit.o)
    0x08000cca   0x08000cca   0x00000002   PAD
    0x08000ccc   0x08000ccc   0x00000008   Code   RO         2860    .text               c_w.l(libspace.o)
    0x08000cd4   0x08000cd4   0x00000004   PAD
    0x08000cd8   0x08000cd8   0x0000007c   Code   RO         2910    .text               c_w.l(strcmpv7em.o)
    0x08000d54   0x08000d54   0x0000000c   Code   RO         2916    .text               c_w.l(sys_exit.o)
    0x08000d60   0x08000d60   0x00000002   Code   RO         2920    .text               c_w.l(use_no_semi.o)
    0x08000d62   0x08000d62   0x00000000   Code   RO         2922    .text               c_w.l(indicate_semi.o)
    0x08000d62   0x08000d62   0x00000002   PAD
    0x08000d64   0x08000d64   0x000000a2   Code   RO         1561    .text.AddRoundKey   gxaes.o
    0x08000e06   0x08000e06   0x00000002   PAD
    0x08000e08   0x08000e08   0x00000002   Code   RO          116    .text.BusFault_Handler  stm32l4xx_it.o
    0x08000e0a   0x08000e0a   0x00000002   PAD
    0x08000e0c   0x08000e0c   0x0000039e   Code   RO         1551    .text.Cipher        gxaes.o
    0x080011aa   0x080011aa   0x00000002   PAD
    0x080011ac   0x080011ac   0x00000002   Code   RO          122    .text.DebugMon_Handler  stm32l4xx_it.o
    0x080011ae   0x080011ae   0x00000002   PAD
    0x080011b0   0x080011b0   0x0000000a   Code   RO           81    .text.Error_Handler  main.o
    0x080011ba   0x080011ba   0x00000002   PAD
    0x080011bc   0x080011bc   0x000000a8   Code   RO           23    .text.GXTRACE       main.o
    0x08001264   0x08001264   0x0000004a   Code   RO          602    .text.HAL_DMA_Abort  stm32l4xx_hal_dma.o
    0x080012ae   0x080012ae   0x00000002   PAD
    0x080012b0   0x080012b0   0x00000058   Code   RO          604    .text.HAL_DMA_Abort_IT  stm32l4xx_hal_dma.o
    0x08001308   0x08001308   0x00000028   Code   RO          350    .text.HAL_Delay     stm32l4xx_hal.o
    0x08001330   0x08001330   0x000001b0   Code   RO          570    .text.HAL_GPIO_Init  stm32l4xx_hal_gpio.o
    0x080014e0   0x080014e0   0x0000000c   Code   RO          576    .text.HAL_GPIO_WritePin  stm32l4xx_hal_gpio.o
    0x080014ec   0x080014ec   0x0000000c   Code   RO          342    .text.HAL_GetTick   stm32l4xx_hal.o
    0x080014f8   0x080014f8   0x0000001a   Code   RO          340    .text.HAL_IncTick   stm32l4xx_hal.o
    0x08001512   0x08001512   0x00000002   PAD
    0x08001514   0x08001514   0x0000002e   Code   RO          330    .text.HAL_Init      stm32l4xx_hal.o
    0x08001542   0x08001542   0x00000002   PAD
    0x08001544   0x08001544   0x0000004c   Code   RO          332    .text.HAL_InitTick  stm32l4xx_hal.o
    0x08001590   0x08001590   0x00000032   Code   RO          139    .text.HAL_MspInit   stm32l4xx_hal_msp.o
    0x080015c2   0x080015c2   0x00000002   PAD
    0x080015c4   0x080015c4   0x00000026   Code   RO          747    .text.HAL_NVIC_EnableIRQ  stm32l4xx_hal_cortex.o
    0x080015ea   0x080015ea   0x00000002   PAD
    0x080015ec   0x080015ec   0x00000056   Code   RO          745    .text.HAL_NVIC_SetPriority  stm32l4xx_hal_cortex.o
    0x08001642   0x08001642   0x00000002   PAD
    0x08001644   0x08001644   0x00000020   Code   RO          743    .text.HAL_NVIC_SetPriorityGrouping  stm32l4xx_hal_cortex.o
    0x08001664   0x08001664   0x0000008c   Code   RO          669    .text.HAL_PWREx_ControlVoltageScaling  stm32l4xx_hal_pwr_ex.o
    0x080016f0   0x080016f0   0x00000010   Code   RO          667    .text.HAL_PWREx_GetVoltageRange  stm32l4xx_hal_pwr_ex.o
    0x08001700   0x08001700   0x000002e8   Code   RO          446    .text.HAL_RCCEx_PeriphCLKConfig  stm32l4xx_hal_rcc_ex.o
    0x080019e8   0x080019e8   0x0000027a   Code   RO          416    .text.HAL_RCC_ClockConfig  stm32l4xx_hal_rcc.o
    0x08001c62   0x08001c62   0x00000002   PAD
    0x08001c64   0x08001c64   0x0000002a   Code   RO          422    .text.HAL_RCC_GetPCLK1Freq  stm32l4xx_hal_rcc.o
    0x08001c8e   0x08001c8e   0x00000002   PAD
    0x08001c90   0x08001c90   0x0000002a   Code   RO          424    .text.HAL_RCC_GetPCLK2Freq  stm32l4xx_hal_rcc.o
    0x08001cba   0x08001cba   0x00000002   PAD
    0x08001cbc   0x08001cbc   0x000000c2   Code   RO          414    .text.HAL_RCC_GetSysClockFreq  stm32l4xx_hal_rcc.o
    0x08001d7e   0x08001d7e   0x00000002   PAD
    0x08001d80   0x08001d80   0x000007d0   Code   RO          412    .text.HAL_RCC_OscConfig  stm32l4xx_hal_rcc.o
    0x08002550   0x08002550   0x0000002c   Code   RO          755    .text.HAL_SYSTICK_Config  stm32l4xx_hal_cortex.o
    0x0800257c   0x0800257c   0x00000002   Code   RO          201    .text.HAL_UARTEx_RxEventCallback  stm32l4xx_hal_uart.o
    0x0800257e   0x0800257e   0x00000002   PAD
    0x08002580   0x08002580   0x00000002   Code   RO          302    .text.HAL_UARTEx_WakeupCallback  stm32l4xx_hal_uart_ex.o
    0x08002582   0x08002582   0x00000002   PAD
    0x08002584   0x08002584   0x00000002   Code   RO          191    .text.HAL_UART_AbortCpltCallback  stm32l4xx_hal_uart.o
    0x08002586   0x08002586   0x00000002   PAD
    0x08002588   0x08002588   0x00000002   Code   RO          195    .text.HAL_UART_AbortReceiveCpltCallback  stm32l4xx_hal_uart.o
    0x0800258a   0x0800258a   0x00000002   PAD
    0x0800258c   0x0800258c   0x00000002   Code   RO          193    .text.HAL_UART_AbortTransmitCpltCallback  stm32l4xx_hal_uart.o
    0x0800258e   0x0800258e   0x00000002   PAD
    0x08002590   0x08002590   0x00000002   Code   RO          189    .text.HAL_UART_ErrorCallback  stm32l4xx_hal_uart.o
    0x08002592   0x08002592   0x00000002   PAD
    0x08002594   0x08002594   0x000005dc   Code   RO          257    .text.HAL_UART_IRQHandler  stm32l4xx_hal_uart.o
    0x08002b70   0x08002b70   0x0000014a   Code   RO          155    .text.HAL_UART_Init  stm32l4xx_hal_uart.o
    0x08002cba   0x08002cba   0x00000002   PAD
    0x08002cbc   0x08002cbc   0x000000ee   Code   RO          141    .text.HAL_UART_MspInit  stm32l4xx_hal_msp.o
    0x08002daa   0x08002daa   0x00000002   PAD
    0x08002dac   0x08002dac   0x000000b2   Code   RO          215    .text.HAL_UART_Receive_IT  stm32l4xx_hal_uart.o
    0x08002e5e   0x08002e5e   0x00000002   PAD
    0x08002e60   0x08002e60   0x000000c0   Code   RO          177    .text.HAL_UART_RegisterCallback  stm32l4xx_hal_uart.o
    0x08002f20   0x08002f20   0x00000002   Code   RO          187    .text.HAL_UART_RxCpltCallback  stm32l4xx_hal_uart.o
    0x08002f22   0x08002f22   0x00000002   PAD
    0x08002f24   0x08002f24   0x00000002   Code   RO          185    .text.HAL_UART_RxHalfCpltCallback  stm32l4xx_hal_uart.o
    0x08002f26   0x08002f26   0x00000002   PAD
    0x08002f28   0x08002f28   0x000000d4   Code   RO          203    .text.HAL_UART_Transmit  stm32l4xx_hal_uart.o
    0x08002ffc   0x08002ffc   0x00000002   Code   RO          183    .text.HAL_UART_TxCpltCallback  stm32l4xx_hal_uart.o
    0x08002ffe   0x08002ffe   0x00000002   PAD
    0x08003000   0x08003000   0x00000002   Code   RO          181    .text.HAL_UART_TxHalfCpltCallback  stm32l4xx_hal_uart.o
    0x08003002   0x08003002   0x00000002   PAD
    0x08003004   0x08003004   0x00000002   Code   RO          112    .text.HardFault_Handler  stm32l4xx_it.o
    0x08003006   0x08003006   0x00000002   PAD
    0x08003008   0x08003008   0x00000360   Code   RO         1555    .text.InvCipher     gxaes.o
    0x08003368   0x08003368   0x00000116   Code   RO         1549    .text.KeyExpansion  gxaes.o
    0x0800347e   0x0800347e   0x00000002   PAD
    0x08003480   0x08003480   0x00000002   Code   RO          114    .text.MemManage_Handler  stm32l4xx_it.o
    0x08003482   0x08003482   0x00000002   PAD
    0x08003484   0x08003484   0x00000002   Code   RO          110    .text.NMI_Handler   stm32l4xx_it.o
    0x08003486   0x08003486   0x00000002   PAD
    0x08003488   0x08003488   0x00000002   Code   RO          124    .text.PendSV_Handler  stm32l4xx_it.o
    0x0800348a   0x0800348a   0x00000002   PAD
    0x0800348c   0x0800348c   0x0000016a   Code   RO          448    .text.RCCEx_PLLSAI1_Config  stm32l4xx_hal_rcc_ex.o
    0x080035f6   0x080035f6   0x00000002   PAD
    0x080035f8   0x080035f8   0x0000003a   Code   RO           75    .text.Receive       main.o
    0x08003632   0x08003632   0x00000002   PAD
    0x08003634   0x08003634   0x00000002   Code   RO          120    .text.SVC_Handler   stm32l4xx_it.o
    0x08003636   0x08003636   0x00000002   PAD
    0x08003638   0x08003638   0x00000004   Code   RO          126    .text.SysTick_Handler  stm32l4xx_it.o
    0x0800363c   0x0800363c   0x00000012   Code   RO          815    .text.SystemInit    system_stm32l4xx.o
    0x0800364e   0x0800364e   0x00000002   PAD
    0x08003650   0x08003650   0x000000e8   Code   RO          163    .text.UART_AdvFeatureConfig  stm32l4xx_hal_uart.o
    0x08003738   0x08003738   0x00000012   Code   RO          259    .text.UART_DMAAbortOnError  stm32l4xx_hal_uart.o
    0x0800374a   0x0800374a   0x00000002   PAD
    0x0800374c   0x0800374c   0x0000014a   Code   RO          283    .text.UART_RxISR_16BIT  stm32l4xx_hal_uart.o
    0x08003896   0x08003896   0x00000002   PAD
    0x08003898   0x08003898   0x0000014a   Code   RO          285    .text.UART_RxISR_8BIT  stm32l4xx_hal_uart.o
    0x080039e2   0x080039e2   0x00000002   PAD
    0x080039e4   0x080039e4   0x00000230   Code   RO          161    .text.UART_SetConfig  stm32l4xx_hal_uart.o
    0x08003c14   0x08003c14   0x00000176   Code   RO          217    .text.UART_Start_Receive_IT  stm32l4xx_hal_uart.o
    0x08003d8a   0x08003d8a   0x00000002   PAD
    0x08003d8c   0x08003d8c   0x0000020e   Code   RO          205    .text.UART_WaitOnFlagUntilTimeout  stm32l4xx_hal_uart.o
    0x08003f9a   0x08003f9a   0x00000002   PAD
    0x08003f9c   0x08003f9c   0x0000000c   Code   RO          128    .text.USART1_IRQHandler  stm32l4xx_it.o
    0x08003fa8   0x08003fa8   0x0000000c   Code   RO          130    .text.USART2_IRQHandler  stm32l4xx_it.o
    0x08003fb4   0x08003fb4   0x00000002   Code   RO          118    .text.UsageFault_Handler  stm32l4xx_it.o
    0x08003fb6   0x08003fb6   0x00000002   PAD
    0x08003fb8   0x08003fb8   0x000002fc   Code   RO         1039    .text.aes_Encrypt   ciphering.o
    0x080042b4   0x080042b4   0x00000056   Code   RO         1047    .text.aes_gcm_gctr  ciphering.o
    0x0800430a   0x0800430a   0x00000002   PAD
    0x0800430c   0x0800430c   0x0000006a   Code   RO         1043    .text.aes_gcm_ghash  ciphering.o
    0x08004376   0x08004376   0x00000002   PAD
    0x08004378   0x08004378   0x0000034e   Code   RO          859    .text.apdu_generateAARE  apdu.o
    0x080046c6   0x080046c6   0x00000002   PAD
    0x080046c8   0x080046c8   0x000001b2   Code   RO          831    .text.apdu_generateApplicationContextName  apdu.o
    0x0800487a   0x0800487a   0x00000002   PAD
    0x0800487c   0x0800487c   0x00000064   Code   RO          835    .text.apdu_getConformanceFromArray  apdu.o
    0x080048e0   0x080048e0   0x000000fe   Code   RO          851    .text.apdu_getUserInformation  apdu.o
    0x080049de   0x080049de   0x00000002   PAD
    0x080049e0   0x080049e0   0x00000046   Code   RO          853    .text.apdu_handleResultComponent  apdu.o
    0x08004a26   0x08004a26   0x00000002   PAD
    0x08004a28   0x08004a28   0x00000138   Code   RO          843    .text.apdu_parseApplicationContextName  apdu.o
    0x08004b60   0x08004b60   0x00000760   Code   RO          857    .text.apdu_parsePDU  apdu.o
    0x080052c0   0x080052c0   0x00000384   Code   RO          841    .text.apdu_parseUserInformation  apdu.o
    0x08005644   0x08005644   0x00000044   Code   RO          837    .text.apdu_setConformanceToArray  apdu.o
    0x08005688   0x08005688   0x000000d4   Code   RO          849    .text.apdu_updateAuthentication  apdu.o
    0x0800575c   0x0800575c   0x0000008a   Code   RO          847    .text.apdu_updatePassword  apdu.o
    0x080057e6   0x080057e6   0x00000002   PAD
    0x080057e8   0x080057e8   0x00000006   Code   RO         1585    .text.arr_clear     gxarray.o
    0x080057ee   0x080057ee   0x00000002   PAD
    0x080057f0   0x080057f0   0x00000006   Code   RO         1601    .text.arr_clearKeyValuePair  gxarray.o
    0x080057f6   0x080057f6   0x00000002   PAD
    0x080057f8   0x080057f8   0x0000002c   Code   RO         1589    .text.arr_getByIndex  gxarray.o
    0x08005824   0x08005824   0x0000002c   Code   RO         1593    .text.arr_getByIndex2  gxarray.o
    0x08005850   0x08005850   0x00000008   Code   RO         1579    .text.arr_getCapacity  gxarray.o
    0x08005858   0x08005858   0x000000ca   Code   RO         1605    .text.arr_removeByIndex  gxarray.o
    0x08005922   0x08005922   0x00000002   PAD
    0x08005924   0x08005924   0x0000000c   Code   RO          883    .text.ba_attach     bitarray.o
    0x08005930   0x08005930   0x00000058   Code   RO          871    .text.ba_getByteCount  bitarray.o
    0x08005988   0x08005988   0x00000070   Code   RO          889    .text.ba_setByIndex  bitarray.o
    0x080059f8   0x080059f8   0x0000020e   Code   RO          897    .text.ba_toInteger  bitarray.o
    0x08005c06   0x08005c06   0x00000002   PAD
    0x08005c08   0x08005c08   0x00000064   Code   RO          959    .text.bb_addString  bytebuffer.o
    0x08005c6c   0x08005c6c   0x00000030   Code   RO          961    .text.bb_attach     bytebuffer.o
    0x08005c9c   0x08005c9c   0x00000010   Code   RO          911    .text.bb_available  bytebuffer.o
    0x08005cac   0x08005cac   0x00000012   Code   RO          919    .text.bb_capacity   bytebuffer.o
    0x08005cbe   0x08005cbe   0x00000002   PAD
    0x08005cc0   0x08005cc0   0x0000000c   Code   RO          965    .text.bb_clear      bytebuffer.o
    0x08005ccc   0x08005ccc   0x0000003c   Code   RO         1019    .text.bb_compare    bytebuffer.o
    0x08005d08   0x08005d08   0x0000003e   Code   RO         1021    .text.bb_get        bytebuffer.o
    0x08005d46   0x08005d46   0x00000002   PAD
    0x08005d48   0x08005d48   0x00000008   Code   RO          913    .text.bb_getCapacity  bytebuffer.o
    0x08005d50   0x08005d50   0x00000030   Code   RO          999    .text.bb_getDouble  bytebuffer.o
    0x08005d80   0x08005d80   0x00000022   Code   RO          997    .text.bb_getFloat   bytebuffer.o
    0x08005da2   0x08005da2   0x00000002   PAD
    0x08005da4   0x08005da4   0x0000002a   Code   RO          979    .text.bb_getInt16   bytebuffer.o
    0x08005dce   0x08005dce   0x00000002   PAD
    0x08005dd0   0x08005dd0   0x00000028   Code   RO          985    .text.bb_getInt32   bytebuffer.o
    0x08005df8   0x08005df8   0x00000036   Code   RO          989    .text.bb_getInt64   bytebuffer.o
    0x08005e2e   0x08005e2e   0x00000002   PAD
    0x08005e30   0x08005e30   0x0000001e   Code   RO          971    .text.bb_getInt8    bytebuffer.o
    0x08005e4e   0x08005e4e   0x00000002   PAD
    0x08005e50   0x08005e50   0x0000002a   Code   RO          975    .text.bb_getUInt16  bytebuffer.o
    0x08005e7a   0x08005e7a   0x00000002   PAD
    0x08005e7c   0x08005e7c   0x0000001e   Code   RO         1001    .text.bb_getUInt16ByIndex  bytebuffer.o
    0x08005e9a   0x08005e9a   0x00000002   PAD
    0x08005e9c   0x08005e9c   0x0000003e   Code   RO          981    .text.bb_getUInt24  bytebuffer.o
    0x08005eda   0x08005eda   0x00000002   PAD
    0x08005edc   0x08005edc   0x00000022   Code   RO          977    .text.bb_getUInt32  bytebuffer.o
    0x08005efe   0x08005efe   0x00000002   PAD
    0x08005f00   0x08005f00   0x00000036   Code   RO          993    .text.bb_getUInt64  bytebuffer.o
    0x08005f36   0x08005f36   0x00000002   PAD
    0x08005f38   0x08005f38   0x0000001e   Code   RO          969    .text.bb_getUInt8   bytebuffer.o
    0x08005f56   0x08005f56   0x00000002   PAD
    0x08005f58   0x08005f58   0x00000016   Code   RO          973    .text.bb_getUInt8ByIndex  bytebuffer.o
    0x08005f6e   0x08005f6e   0x00000002   PAD
    0x08005f70   0x08005f70   0x0000000e   Code   RO          917    .text.bb_init       bytebuffer.o
    0x08005f7e   0x08005f7e   0x00000002   PAD
    0x08005f80   0x08005f80   0x000000d4   Code   RO         1015    .text.bb_insert     bytebuffer.o
    0x08006054   0x08006054   0x0000008c   Code   RO          927    .text.bb_insertUInt8  bytebuffer.o
    0x080060e0   0x080060e0   0x0000000c   Code   RO          909    .text.bb_isAttached  bytebuffer.o
    0x080060ec   0x080060ec   0x00000062   Code   RO          929    .text.bb_move       bytebuffer.o
    0x0800614e   0x0800614e   0x00000002   PAD
    0x08006150   0x08006150   0x0000003c   Code   RO          955    .text.bb_set        bytebuffer.o
    0x0800618c   0x0800618c   0x00000068   Code   RO          957    .text.bb_set2       bytebuffer.o
    0x080061f4   0x080061f4   0x0000007a   Code   RO          945    .text.bb_setDouble  bytebuffer.o
    0x0800626e   0x0800626e   0x00000002   PAD
    0x08006270   0x08006270   0x0000004c   Code   RO          943    .text.bb_setFloat   bytebuffer.o
    0x080062bc   0x080062bc   0x0000001e   Code   RO          949    .text.bb_setInt16   bytebuffer.o
    0x080062da   0x080062da   0x00000002   PAD
    0x080062dc   0x080062dc   0x00000080   Code   RO          953    .text.bb_setInt64   bytebuffer.o
    0x0800635c   0x0800635c   0x0000002a   Code   RO          947    .text.bb_setInt8    bytebuffer.o
    0x08006386   0x08006386   0x00000002   PAD
    0x08006388   0x08006388   0x0000001e   Code   RO          933    .text.bb_setUInt16  bytebuffer.o
    0x080063a6   0x080063a6   0x00000002   PAD
    0x080063a8   0x080063a8   0x00000040   Code   RO          937    .text.bb_setUInt32  bytebuffer.o
    0x080063e8   0x080063e8   0x00000080   Code   RO          941    .text.bb_setUInt64  bytebuffer.o
    0x08006468   0x08006468   0x0000002a   Code   RO          923    .text.bb_setUInt8   bytebuffer.o
    0x08006492   0x08006492   0x00000002   PAD
    0x08006494   0x08006494   0x00000020   Code   RO          925    .text.bb_setUInt8ByIndex  bytebuffer.o
    0x080064b4   0x080064b4   0x0000000a   Code   RO          915    .text.bb_size       bytebuffer.o
    0x080064be   0x080064be   0x00000002   PAD
    0x080064c0   0x080064c0   0x00000036   Code   RO          921    .text.bb_zero       bytebuffer.o
    0x080064f6   0x080064f6   0x00000002   PAD
    0x080064f8   0x080064f8   0x0000013c   Code   RO         1525    .text.checkFrame    dlmssettings.o
    0x08006634   0x08006634   0x0000045c   Code   RO         1041    .text.cip_crypt     ciphering.o
    0x08006a90   0x08006a90   0x00000286   Code   RO         1051    .text.cip_decrypt   ciphering.o
    0x08006d16   0x08006d16   0x00000002   PAD
    0x08006d18   0x08006d18   0x00000388   Code   RO         1055    .text.cip_decryptKey  ciphering.o
    0x080070a0   0x080070a0   0x00000022   Code   RO         1049    .text.cip_encrypt   ciphering.o
    0x080070c2   0x080070c2   0x00000002   PAD
    0x080070c4   0x080070c4   0x00000410   Code   RO         1045    .text.cip_gctr      ciphering.o
    0x080074d4   0x080074d4   0x000001d8   Code   RO         1057    .text.cip_getGHash  ciphering.o
    0x080076ac   0x080076ac   0x00000082   Code   RO         1033    .text.cip_init      ciphering.o
    0x0800772e   0x0800772e   0x00000002   PAD
    0x08007730   0x08007730   0x000004c2   Code   RO         1037    .text.cip_int       ciphering.o
    0x08007bf2   0x08007bf2   0x00000002   PAD
    0x08007bf4   0x08007bf4   0x000002a0   Code   RO         1059    .text.cip_multiplyH  ciphering.o
    0x08007e94   0x08007e94   0x0000010e   Code   RO         1509    .text.cl_init       dlmssettings.o
    0x08007fa2   0x08007fa2   0x00000002   PAD
    0x08007fa4   0x08007fa4   0x0000004a   Code   RO         1745    .text.clock_updateDST  gxobjects.o
    0x08007fee   0x08007fee   0x00000002   PAD
    0x08007ff0   0x08007ff0   0x0000004c   Code   RO         1107    .text.cosem_checkArray  cosem.o
    0x0800803c   0x0800803c   0x00000042   Code   RO         1103    .text.cosem_checkStructure  cosem.o
    0x0800807e   0x0800807e   0x00000002   PAD
    0x08008080   0x08008080   0x0000003e   Code   RO         1231    .text.cosem_findObjectByLN  cosem.o
    0x080080be   0x080080be   0x00000002   PAD
    0x080080c0   0x080080c0   0x000000e0   Code   RO         1625    .text.cosem_getActionSchedule  gxget.o
    0x080081a0   0x080081a0   0x00000236   Code   RO         1633    .text.cosem_getAssociationLogicalName  gxget.o
    0x080083d6   0x080083d6   0x00000002   PAD
    0x080083d8   0x080083d8   0x00000032   Code   RO         1163    .text.cosem_getBoolean  cosem.o
    0x0800840a   0x0800840a   0x00000002   PAD
    0x0800840c   0x0800840c   0x0000007a   Code   RO         1623    .text.cosem_getClock  gxget.o
    0x08008486   0x08008486   0x00000002   PAD
    0x08008488   0x08008488   0x0000006a   Code   RO         1143    .text.cosem_getDateFromOctetString  cosem.o
    0x080084f2   0x080084f2   0x00000002   PAD
    0x080084f4   0x080084f4   0x00000054   Code   RO         1191    .text.cosem_getDateTime  cosem.o
    0x08008548   0x08008548   0x0000006a   Code   RO         1141    .text.cosem_getDateTimeFromOctetString  cosem.o
    0x080085b2   0x080085b2   0x00000002   PAD
    0x080085b4   0x080085b4   0x00000032   Code   RO         1161    .text.cosem_getEnum  cosem.o
    0x080085e6   0x080085e6   0x00000002   PAD
    0x080085e8   0x080085e8   0x00000190   Code   RO         1667    .text.cosem_getFSKMacCounters  gxget.o
    0x08008778   0x08008778   0x00000062   Code   RO         1661    .text.cosem_getIec8802LlcType2Setup  gxget.o
    0x080087da   0x080087da   0x00000002   PAD
    0x080087dc   0x080087dc   0x00000046   Code   RO         1663    .text.cosem_getIec8802LlcType3Setup  gxget.o
    0x08008822   0x08008822   0x00000002   PAD
    0x08008824   0x08008824   0x00000060   Code   RO         1637    .text.cosem_getIecHdlcSetup  gxget.o
    0x08008884   0x08008884   0x00000032   Code   RO         1119    .text.cosem_getInt16  cosem.o
    0x080088b6   0x080088b6   0x00000002   PAD
    0x080088b8   0x080088b8   0x00000032   Code   RO         1117    .text.cosem_getInt8  cosem.o
    0x080088ea   0x080088ea   0x00000002   PAD
    0x080088ec   0x080088ec   0x00000062   Code   RO         1157    .text.cosem_getIntegerFromBitString  cosem.o
    0x0800894e   0x0800894e   0x00000002   PAD
    0x08008950   0x08008950   0x00000340   Code   RO         1645    .text.cosem_getLimiter  gxget.o
    0x08008c90   0x08008c90   0x00000140   Code   RO         1651    .text.cosem_getMbusDiagnostic  gxget.o
    0x08008dd0   0x08008dd0   0x00000128   Code   RO         1653    .text.cosem_getMbusPortSetup  gxget.o
    0x08008ef8   0x08008ef8   0x00000096   Code   RO         1093    .text.cosem_getObjectSize  cosem.o
    0x08008f8e   0x08008f8e   0x00000002   PAD
    0x08008f90   0x08008f90   0x0000004e   Code   RO         1127    .text.cosem_getOctetString  cosem.o
    0x08008fde   0x08008fde   0x00000002   PAD
    0x08008fe0   0x08008fe0   0x00000062   Code   RO         1131    .text.cosem_getOctetString2  cosem.o
    0x08009042   0x08009042   0x00000002   PAD
    0x08009044   0x08009044   0x00000194   Code   RO         1641    .text.cosem_getProfileGeneric  gxget.o
    0x080091d8   0x080091d8   0x000001a0   Code   RO         1655    .text.cosem_getPushSetup  gxget.o
    0x08009378   0x08009378   0x0000006c   Code   RO         1621    .text.cosem_getRegister  gxget.o
    0x080093e4   0x080093e4   0x00000166   Code   RO         1671    .text.cosem_getSFSKPhyMacSetUp  gxget.o
    0x0800954a   0x0800954a   0x00000002   PAD
    0x0800954c   0x0800954c   0x000000c4   Code   RO         1647    .text.cosem_getSapAssignment  gxget.o
    0x08009610   0x08009610   0x00000120   Code   RO         1649    .text.cosem_getScriptTable  gxget.o
    0x08009730   0x08009730   0x00000144   Code   RO         1635    .text.cosem_getSecuritySetup  gxget.o
    0x08009874   0x08009874   0x0000006a   Code   RO         1135    .text.cosem_getString2  cosem.o
    0x080098de   0x080098de   0x00000002   PAD
    0x080098e0   0x080098e0   0x0000006a   Code   RO         1145    .text.cosem_getTimeFromOctetString  cosem.o
    0x0800994a   0x0800994a   0x00000002   PAD
    0x0800994c   0x0800994c   0x00000032   Code   RO         1113    .text.cosem_getUInt16  cosem.o
    0x0800997e   0x0800997e   0x00000002   PAD
    0x08009980   0x08009980   0x00000032   Code   RO         1115    .text.cosem_getUInt32  cosem.o
    0x080099b2   0x080099b2   0x00000002   PAD
    0x080099b4   0x080099b4   0x00000032   Code   RO         1111    .text.cosem_getUInt8  cosem.o
    0x080099e6   0x080099e6   0x00000002   PAD
    0x080099e8   0x080099e8   0x00000324   Code   RO         1657    .text.cosem_getValue  gxget.o
    0x08009d0c   0x08009d0c   0x0000003c   Code   RO         1159    .text.cosem_getVariant  cosem.o
    0x08009d48   0x08009d48   0x0000000a   Code   RO         1097    .text.cosem_init2   cosem.o
    0x08009d52   0x08009d52   0x00000002   PAD
    0x08009d54   0x08009d54   0x0000013a   Code   RO         1101    .text.cosem_init4   cosem.o
    0x08009e8e   0x08009e8e   0x00000002   PAD
    0x08009e90   0x08009e90   0x00000160   Code   RO         1693    .text.cosem_invoke  gxinvoke.o
    0x08009ff0   0x08009ff0   0x00000162   Code   RO         2053    .text.cosem_setActionSchedule  gxsetignoremalloc.o
    0x0800a152   0x0800a152   0x00000002   PAD
    0x0800a154   0x0800a154   0x0000001e   Code   RO         1223    .text.cosem_setArray  cosem.o
    0x0800a172   0x0800a172   0x00000002   PAD
    0x0800a174   0x0800a174   0x000004f8   Code   RO         2059    .text.cosem_setAssociationLogicalName  gxsetignoremalloc.o
    0x0800a66c   0x0800a66c   0x000000ac   Code   RO         1173    .text.cosem_setBitString  cosem.o
    0x0800a718   0x0800a718   0x0000001e   Code   RO         1227    .text.cosem_setBoolean  cosem.o
    0x0800a736   0x0800a736   0x00000002   PAD
    0x0800a738   0x0800a738   0x00000126   Code   RO         2051    .text.cosem_setClock  gxsetignoremalloc.o
    0x0800a85e   0x0800a85e   0x00000002   PAD
    0x0800a860   0x0800a860   0x00000088   Code   RO         2047    .text.cosem_setData  gxsetignoremalloc.o
    0x0800a8e8   0x0800a8e8   0x0000002c   Code   RO         1171    .text.cosem_setDateAsOctetString  cosem.o
    0x0800a914   0x0800a914   0x0000001e   Code   RO         1183    .text.cosem_setDateTime  cosem.o
    0x0800a932   0x0800a932   0x00000002   PAD
    0x0800a934   0x0800a934   0x0000002c   Code   RO         1169    .text.cosem_setDateTimeAsOctetString  cosem.o
    0x0800a960   0x0800a960   0x00000064   Code   RO         2065    .text.cosem_setDisconnectControl  gxsetignoremalloc.o
    0x0800a9c4   0x0800a9c4   0x0000001e   Code   RO         1225    .text.cosem_setEnum  cosem.o
    0x0800a9e2   0x0800a9e2   0x00000002   PAD
    0x0800a9e4   0x0800a9e4   0x000001ba   Code   RO         2091    .text.cosem_setFSKMacCounters  gxsetignoremalloc.o
    0x0800ab9e   0x0800ab9e   0x00000002   PAD
    0x0800aba0   0x0800aba0   0x00000012   Code   RO         2083    .text.cosem_setIec8802LlcType1Setup  gxsetignoremalloc.o
    0x0800abb2   0x0800abb2   0x00000002   PAD
    0x0800abb4   0x0800abb4   0x0000005c   Code   RO         2085    .text.cosem_setIec8802LlcType2Setup  gxsetignoremalloc.o
    0x0800ac10   0x0800ac10   0x00000044   Code   RO         2087    .text.cosem_setIec8802LlcType3Setup  gxsetignoremalloc.o
    0x0800ac54   0x0800ac54   0x000000b0   Code   RO         2063    .text.cosem_setIecHdlcSetup  gxsetignoremalloc.o
    0x0800ad04   0x0800ad04   0x0000001e   Code   RO         1213    .text.cosem_setInt16  cosem.o
    0x0800ad22   0x0800ad22   0x00000002   PAD
    0x0800ad24   0x0800ad24   0x0000001e   Code   RO         1211    .text.cosem_setInt8  cosem.o
    0x0800ad42   0x0800ad42   0x00000002   PAD
    0x0800ad44   0x0800ad44   0x0000020e   Code   RO         2067    .text.cosem_setLimiter  gxsetignoremalloc.o
    0x0800af52   0x0800af52   0x00000002   PAD
    0x0800af54   0x0800af54   0x00000158   Code   RO         2073    .text.cosem_setMbusDiagnostic  gxsetignoremalloc.o
    0x0800b0ac   0x0800b0ac   0x00000154   Code   RO         2075    .text.cosem_setMbusPortSetup  gxsetignoremalloc.o
    0x0800b200   0x0800b200   0x0000003c   Code   RO         1177    .text.cosem_setOctetString  cosem.o
    0x0800b23c   0x0800b23c   0x00000046   Code   RO         1189    .text.cosem_setOctetString2  cosem.o
    0x0800b282   0x0800b282   0x00000002   PAD
    0x0800b284   0x0800b284   0x000000f8   Code   RO         2081    .text.cosem_setProfileGeneric  gxsetignoremalloc.o
    0x0800b37c   0x0800b37c   0x0000022e   Code   RO         2077    .text.cosem_setPushSetup  gxsetignoremalloc.o
    0x0800b5aa   0x0800b5aa   0x00000002   PAD
    0x0800b5ac   0x0800b5ac   0x0000004e   Code   RO         2049    .text.cosem_setRegister  gxsetignoremalloc.o
    0x0800b5fa   0x0800b5fa   0x00000002   PAD
    0x0800b5fc   0x0800b5fc   0x0000004c   Code   RO         2089    .text.cosem_setSFSKActiveInitiator  gxsetignoremalloc.o
    0x0800b648   0x0800b648   0x00000038   Code   RO         2093    .text.cosem_setSFSKMacSynchronizationTimeouts  gxsetignoremalloc.o
    0x0800b680   0x0800b680   0x000001a2   Code   RO         2095    .text.cosem_setSFSKPhyMacSetUp  gxsetignoremalloc.o
    0x0800b822   0x0800b822   0x00000002   PAD
    0x0800b824   0x0800b824   0x00000076   Code   RO         2097    .text.cosem_setSFSKReportingSystemList  gxsetignoremalloc.o
    0x0800b89a   0x0800b89a   0x00000002   PAD
    0x0800b89c   0x0800b89c   0x00000098   Code   RO         2069    .text.cosem_setSapAssignment  gxsetignoremalloc.o
    0x0800b934   0x0800b934   0x0000015a   Code   RO         2071    .text.cosem_setScriptTable  gxsetignoremalloc.o
    0x0800ba8e   0x0800ba8e   0x00000002   PAD
    0x0800ba90   0x0800ba90   0x00000130   Code   RO         2061    .text.cosem_setSecuritySetup  gxsetignoremalloc.o
    0x0800bbc0   0x0800bbc0   0x0000001e   Code   RO         1221    .text.cosem_setStructure  cosem.o
    0x0800bbde   0x0800bbde   0x00000002   PAD
    0x0800bbe0   0x0800bbe0   0x0000002c   Code   RO         1175    .text.cosem_setTimeAsOctetString  cosem.o
    0x0800bc0c   0x0800bc0c   0x0000001e   Code   RO         1205    .text.cosem_setUInt16  cosem.o
    0x0800bc2a   0x0800bc2a   0x00000002   PAD
    0x0800bc2c   0x0800bc2c   0x0000001e   Code   RO         1207    .text.cosem_setUInt32  cosem.o
    0x0800bc4a   0x0800bc4a   0x00000002   PAD
    0x0800bc4c   0x0800bc4c   0x0000001e   Code   RO         1203    .text.cosem_setUInt8  cosem.o
    0x0800bc6a   0x0800bc6a   0x00000002   PAD
    0x0800bc6c   0x0800bc6c   0x00000206   Code   RO         2026    .text.cosem_setValue  gxset.o
    0x0800be72   0x0800be72   0x00000002   PAD
    0x0800be74   0x0800be74   0x00000012   Code   RO         1219    .text.cosem_setVariant  cosem.o
    0x0800be86   0x0800be86   0x00000002   PAD
    0x0800be88   0x0800be88   0x000001ca   Code   RO           73    .text.createObjects  main.o
    0x0800c052   0x0800c052   0x00000002   PAD
    0x0800c054   0x0800c054   0x0000000c   Code   RO         1242    .text.di_init       datainfo.o
    0x0800c060   0x0800c060   0x00000056   Code   RO         2308    .text.dlms_addFrame  server.o
    0x0800c0b6   0x0800c0b6   0x00000002   PAD
    0x0800c0b8   0x0800c0b8   0x00000024   Code   RO         1470    .text.dlms_addLLCBytes  dlms.o
    0x0800c0dc   0x0800c0dc   0x0000002e   Code   RO         1488    .text.dlms_appendHdlcParameter  dlms.o
    0x0800c10a   0x0800c10a   0x00000002   PAD
    0x0800c10c   0x0800c10c   0x000000f2   Code   RO         1406    .text.dlms_checkHdlcAddress  dlms.o
    0x0800c1fe   0x0800c1fe   0x00000002   PAD
    0x0800c200   0x0800c200   0x00000050   Code   RO         1400    .text.dlms_checkLLCBytes  dlms.o
    0x0800c250   0x0800c250   0x000000e0   Code   RO         1418    .text.dlms_checkWrapperAddress  dlms.o
    0x0800c330   0x0800c330   0x000000fc   Code   RO         1482    .text.dlms_generateChallenge  dlms.o
    0x0800c42c   0x0800c42c   0x0000028a   Code   RO         1394    .text.dlms_getData  dlms.o
    0x0800c6b6   0x0800c6b6   0x00000002   PAD
    0x0800c6b8   0x0800c6b8   0x00000018   Code   RO         1478    .text.dlms_getData2  dlms.o
    0x0800c6d0   0x0800c6d0   0x00000170   Code   RO         1480    .text.dlms_getData3  dlms.o
    0x0800c840   0x0800c840   0x0000002e   Code   RO         1424    .text.dlms_getDataFromBlock  dlms.o
    0x0800c86e   0x0800c86e   0x00000002   PAD
    0x0800c870   0x0800c870   0x0000011e   Code   RO         1348    .text.dlms_getGloMessage  dlms.o
    0x0800c98e   0x0800c98e   0x00000002   PAD
    0x0800c990   0x0800c990   0x000000fe   Code   RO         1402    .text.dlms_getHDLCAddress  dlms.o
    0x0800ca8e   0x0800ca8e   0x00000002   PAD
    0x0800ca90   0x0800ca90   0x000004f4   Code   RO         1416    .text.dlms_getHdlcData  dlms.o
    0x0800cf84   0x0800cf84   0x000004d8   Code   RO         1412    .text.dlms_getHdlcFrame  dlms.o
    0x0800d45c   0x0800d45c   0x000004b4   Code   RO         1476    .text.dlms_getLNPdu  dlms.o
    0x0800d910   0x0800d910   0x000000f0   Code   RO         1422    .text.dlms_getMBusData  dlms.o
    0x0800da00   0x0800da00   0x00000320   Code   RO         1460    .text.dlms_getPdu   dlms.o
    0x0800dd20   0x0800dd20   0x000000c2   Code   RO         1420    .text.dlms_getTcpData  dlms.o
    0x0800dde2   0x0800dde2   0x00000002   PAD
    0x0800dde4   0x0800dde4   0x000000d2   Code   RO         1440    .text.dlms_getValueFromData  dlms.o
    0x0800deb6   0x0800deb6   0x00000002   PAD
    0x0800deb8   0x0800deb8   0x000000cc   Code   RO         1430    .text.dlms_getWrapperFrame  dlms.o
    0x0800df84   0x0800df84   0x0000004c   Code   RO         1466    .text.dlms_handleConfirmedServiceError  dlms.o
    0x0800dfd0   0x0800dfd0   0x000000c4   Code   RO         1456    .text.dlms_handleDataNotification  dlms.o
    0x0800e094   0x0800e094   0x0000005c   Code   RO         1468    .text.dlms_handleExceptionResponse  dlms.o
    0x0800e0f0   0x0800e0f0   0x00000120   Code   RO         1458    .text.dlms_handleGbt  dlms.o
    0x0800e210   0x0800e210   0x00000076   Code   RO         1464    .text.dlms_handleGeneralCiphering  dlms.o
    0x0800e286   0x0800e286   0x00000002   PAD
    0x0800e288   0x0800e288   0x00000188   Code   RO         1462    .text.dlms_handleGloDedRequest  dlms.o
    0x0800e410   0x0800e410   0x00000046   Code   RO         1490    .text.dlms_isPduFull  dlms.o
    0x0800e456   0x0800e456   0x00000002   PAD
    0x0800e458   0x0800e458   0x00000126   Code   RO         1486    .text.dlms_parseSnrmUaResponse  dlms.o
    0x0800e57e   0x0800e57e   0x00000002   PAD
    0x0800e580   0x0800e580   0x00000186   Code   RO         1484    .text.dlms_secure   dlms.o
    0x0800e706   0x0800e706   0x00000002   PAD
    0x0800e708   0x0800e708   0x0000000a   Code   RO         1358    .text.dlms_setData  dlms.o
    0x0800e712   0x0800e712   0x00000002   PAD
    0x0800e714   0x0800e714   0x0000001a   Code   RO         1344    .text.dlms_useDedicatedKey  dlms.o
    0x0800e72e   0x0800e72e   0x00000002   PAD
    0x0800e730   0x0800e730   0x00000016   Code   RO         1340    .text.dlms_useHdlc  dlms.o
    0x0800e746   0x0800e746   0x00000002   PAD
    0x0800e748   0x0800e748   0x000000b4   Code   RO         1368    .text.getBcd        dlms.o
    0x0800e7fc   0x0800e7fc   0x0000007a   Code   RO         1398    .text.getBitString  dlms.o
    0x0800e876   0x0800e876   0x00000002   PAD
    0x0800e878   0x0800e878   0x00000058   Code   RO         1396    .text.getBool       dlms.o
    0x0800e8d0   0x0800e8d0   0x00000108   Code   RO         1639    .text.getColumns    gxget.o
    0x0800e9d8   0x0800e9d8   0x00000096   Code   RO         1390    .text.getDate       dlms.o
    0x0800ea6e   0x0800ea6e   0x00000002   PAD
    0x0800ea70   0x0800ea70   0x000001a8   Code   RO         1392    .text.getDateTime   dlms.o
    0x0800ec18   0x0800ec18   0x0000003c   Code   RO         1384    .text.getDouble     dlms.o
    0x0800ec54   0x0800ec54   0x00000040   Code   RO         1382    .text.getEnum       dlms.o
    0x0800ec94   0x0800ec94   0x0000003c   Code   RO         1386    .text.getFloat      dlms.o
    0x0800ecd0   0x0800ecd0   0x0000003c   Code   RO         1372    .text.getInt16      dlms.o
    0x0800ed0c   0x0800ed0c   0x0000002e   Code   RO         1362    .text.getInt32      dlms.o
    0x0800ed3a   0x0800ed3a   0x00000002   PAD
    0x0800ed3c   0x0800ed3c   0x0000003c   Code   RO         1378    .text.getInt64      dlms.o
    0x0800ed78   0x0800ed78   0x00000040   Code   RO         1374    .text.getInt8       dlms.o
    0x0800edb8   0x0800edb8   0x00000014   Code   RO         1531    .text.getKeepAlive  dlmssettings.o
    0x0800edcc   0x0800edcc   0x000000e2   Code   RO         1627    .text.getLNAccessRights  gxget.o
    0x0800eeae   0x0800eeae   0x00000002   PAD
    0x0800eeb0   0x0800eeb0   0x000002aa   Code   RO         1629    .text.getLNObjects  gxget.o
    0x0800f15a   0x0800f15a   0x00000002   PAD
    0x0800f15c   0x0800f15c   0x00000032   Code   RO         1527    .text.getNextSend   dlmssettings.o
    0x0800f18e   0x0800f18e   0x00000002   PAD
    0x0800f190   0x0800f190   0x00000072   Code   RO         1366    .text.getOctetString  dlms.o
    0x0800f202   0x0800f202   0x00000002   PAD
    0x0800f204   0x0800f204   0x0000001e   Code   RO         1529    .text.getReceiverReady  dlmssettings.o
    0x0800f222   0x0800f222   0x00000002   PAD
    0x0800f224   0x0800f224   0x00000076   Code   RO         1364    .text.getString     dlms.o
    0x0800f29a   0x0800f29a   0x00000002   PAD
    0x0800f29c   0x0800f29c   0x0000009e   Code   RO         1388    .text.getTime       dlms.o
    0x0800f33a   0x0800f33a   0x00000002   PAD
    0x0800f33c   0x0800f33c   0x0000003c   Code   RO         1376    .text.getUInt16     dlms.o
    0x0800f378   0x0800f378   0x0000002e   Code   RO         1360    .text.getUInt32     dlms.o
    0x0800f3a6   0x0800f3a6   0x00000002   PAD
    0x0800f3a8   0x0800f3a8   0x0000003c   Code   RO         1380    .text.getUInt64     dlms.o
    0x0800f3e4   0x0800f3e4   0x00000040   Code   RO         1370    .text.getUInt8      dlms.o
    0x0800f424   0x0800f424   0x000000ba   Code   RO         1631    .text.getUserList   gxget.o
    0x0800f4de   0x0800f4de   0x00000002   PAD
    0x0800f4e0   0x0800f4e0   0x00000028   Code   RO         1553    .text.gxaes_ecb_decrypt  gxaes.o
    0x0800f508   0x0800f508   0x00000028   Code   RO         1547    .text.gxaes_ecb_encrypt  gxaes.o
    0x0800f530   0x0800f530   0x00000016   Code   RO         2164    .text.hlp_getDataTypeSize  helpers.o
    0x0800f546   0x0800f546   0x00000002   PAD
    0x0800f548   0x0800f548   0x00000080   Code   RO         2146    .text.hlp_getObjectCount2  helpers.o
    0x0800f5c8   0x0800f5c8   0x00000020   Code   RO         2142    .text.hlp_getObjectCountSizeInBytes  helpers.o
    0x0800f5e8   0x0800f5e8   0x00000034   Code   RO         2174    .text.hlp_rand      helpers.o
    0x0800f61c   0x0800f61c   0x00000064   Code   RO         2148    .text.hlp_setObjectCount  helpers.o
    0x0800f680   0x0800f680   0x00000008   Code   RO         2176    .text.hlp_swapBits  helpers.o
    0x0800f688   0x0800f688   0x000002fa   Code   RO         1685    .text.invoke_AssociationLogicalName  gxinvoke.o
    0x0800f982   0x0800f982   0x00000002   PAD
    0x0800f984   0x0800f984   0x000000da   Code   RO         1695    .text.invoke_Clock  gxinvoke.o
    0x0800fa5e   0x0800fa5e   0x00000002   PAD
    0x0800fa60   0x0800fa60   0x00000114   Code   RO         1687    .text.invoke_SapAssigment  gxinvoke.o
    0x0800fb74   0x0800fb74   0x00000158   Code   RO         1691    .text.invoke_ScriptTable  gxinvoke.o
    0x0800fccc   0x0800fccc   0x00000148   Code   RO         1689    .text.invoke_SecuritySetup  gxinvoke.o
    0x0800fe14   0x0800fe14   0x0000000a   Code   RO         1533    .text.isCiphered    dlmssettings.o
    0x0800fe1e   0x0800fe1e   0x00000002   PAD
    0x0800fe20   0x0800fe20   0x000002e2   Code   RO           77    .text.main          main.o
    0x08010102   0x08010102   0x00000002   PAD
    0x08010104   0x08010104   0x0000000c   Code   RO         2237    .text.oa_attach     objectarray.o
    0x08010110   0x08010110   0x00000006   Code   RO         2245    .text.oa_empty      objectarray.o
    0x08010116   0x08010116   0x00000002   PAD
    0x08010118   0x08010118   0x0000006a   Code   RO         2253    .text.oa_findByLN   objectarray.o
    0x08010182   0x08010182   0x00000002   PAD
    0x08010184   0x08010184   0x00000018   Code   RO         2241    .text.oa_getByIndex  objectarray.o
    0x0801019c   0x0801019c   0x00000008   Code   RO         2229    .text.oa_init       objectarray.o
    0x080101a4   0x080101a4   0x000001cc   Code   RO         1739    .text.obj_attributeCount  gxobjects.o
    0x08010370   0x08010370   0x0000000a   Code   RO         1725    .text.obj_clearByteBufferList  gxobjects.o
    0x0801037a   0x0801037a   0x00000002   PAD
    0x0801037c   0x0801037c   0x0000000a   Code   RO         1735    .text.obj_clearCertificateInfo  gxobjects.o
    0x08010386   0x08010386   0x00000002   PAD
    0x08010388   0x08010388   0x0000000a   Code   RO         1723    .text.obj_clearProfileGenericCaptureObjects  gxobjects.o
    0x08010392   0x08010392   0x00000002   PAD
    0x08010394   0x08010394   0x0000000a   Code   RO         1719    .text.obj_clearPushObjectList  gxobjects.o
    0x0801039e   0x0801039e   0x00000002   PAD
    0x080103a0   0x080103a0   0x0000000a   Code   RO         1721    .text.obj_clearSapList  gxobjects.o
    0x080103aa   0x080103aa   0x00000002   PAD
    0x080103ac   0x080103ac   0x0000000a   Code   RO         1727    .text.obj_clearScriptTable  gxobjects.o
    0x080103b6   0x080103b6   0x00000002   PAD
    0x080103b8   0x080103b8   0x00000012   Code   RO         1715    .text.obj_getLogicalName  gxobjects.o
    0x080103ca   0x080103ca   0x00000002   PAD
    0x080103cc   0x080103cc   0x00000144   Code   RO         1743    .text.obj_methodCount  gxobjects.o
    0x08010510   0x08010510   0x00000042   Code   RO         2267    .text.params_initLN  parameters.o
    0x08010552   0x08010552   0x00000002   PAD
    0x08010554   0x08010554   0x0000003c   Code   RO         2280    .text.reply_clear2  replydata.o
    0x08010590   0x08010590   0x00000038   Code   RO         2278    .text.reply_init    replydata.o
    0x080105c8   0x080105c8   0x00000008   Code   RO         1519    .text.resetBlockIndex  dlmssettings.o
    0x080105d0   0x080105d0   0x00000020   Code   RO         1513    .text.resetFrameSequence  dlmssettings.o
    0x080105f0   0x080105f0   0x000000d2   Code   RO         2079    .text.setCaptureObjects  gxsetignoremalloc.o
    0x080106c2   0x080106c2   0x00000002   PAD
    0x080106c4   0x080106c4   0x00000358   Code   RO         2302    .text.svr_HandleAarqRequest  server.o
    0x08010a1c   0x08010a1c   0x00000004   Code   RO           63    .text.svr_connected  main.o
    0x08010a20   0x08010a20   0x00000004   Code   RO           67    .text.svr_disconnected  main.o
    0x08010a24   0x08010a24   0x00000014   Code   RO           41    .text.svr_findObject  main.o
    0x08010a38   0x08010a38   0x0000004e   Code   RO         2318    .text.svr_generateConfirmedServiceError  server.o
    0x08010a86   0x08010a86   0x00000002   PAD
    0x08010a88   0x08010a88   0x000000a4   Code   RO         2306    .text.svr_generateDisconnectRequest  server.o
    0x08010b2c   0x08010b2c   0x000000ba   Code   RO         2300    .text.svr_generateExceptionResponse  server.o
    0x08010be6   0x08010be6   0x00000002   PAD
    0x08010be8   0x08010be8   0x00000024   Code   RO           59    .text.svr_getAttributeAccess  main.o
    0x08010c0c   0x08010c0c   0x00000020   Code   RO           61    .text.svr_getMethodAccess  main.o
    0x08010c2c   0x08010c2c   0x0000014c   Code   RO         2324    .text.svr_getRequestNextDataBlock  server.o
    0x08010d78   0x08010d78   0x0000029c   Code   RO         2322    .text.svr_getRequestNormal  server.o
    0x08011014   0x08011014   0x000002a8   Code   RO         2326    .text.svr_getRequestWithList  server.o
    0x080112bc   0x080112bc   0x000000d8   Code   RO         2314    .text.svr_getTarget  server.o
    0x08011394   0x08011394   0x000002fc   Code   RO         2336    .text.svr_handleCommand  server.o
    0x08011690   0x08011690   0x000000d2   Code   RO         2328    .text.svr_handleGetRequest  server.o
    0x08011762   0x08011762   0x00000002   PAD
    0x08011764   0x08011764   0x000002e0   Code   RO         2332    .text.svr_handleMethodRequest  server.o
    0x08011a44   0x08011a44   0x0000015e   Code   RO         2334    .text.svr_handleReleaseRequest  server.o
    0x08011ba2   0x08011ba2   0x00000002   PAD
    0x08011ba4   0x08011ba4   0x00000030   Code   RO         2338    .text.svr_handleRequest  server.o
    0x08011bd4   0x08011bd4   0x00000486   Code   RO         2344    .text.svr_handleRequest4  server.o
    0x0801205a   0x0801205a   0x00000002   PAD
    0x0801205c   0x0801205c   0x000000c2   Code   RO         2320    .text.svr_handleSetRequest  server.o
    0x0801211e   0x0801211e   0x00000002   PAD
    0x08012120   0x08012120   0x000001d6   Code   RO         2312    .text.svr_handleSetRequest2  server.o
    0x080122f6   0x080122f6   0x00000002   PAD
    0x080122f8   0x080122f8   0x000001c0   Code   RO         2316    .text.svr_handleSetRequestWithList  server.o
    0x080124b8   0x080124b8   0x00000138   Code   RO         2304    .text.svr_handleSnrmRequest  server.o
    0x080125f0   0x080125f0   0x000000aa   Code   RO         1507    .text.svr_init      dlmssettings.o
    0x0801269a   0x0801269a   0x00000002   PAD
    0x0801269c   0x0801269c   0x000000ae   Code   RO         2294    .text.svr_initialize  server.o
    0x0801274a   0x0801274a   0x00000002   PAD
    0x0801274c   0x0801274c   0x00000004   Code   RO           65    .text.svr_invalidConnection  main.o
    0x08012750   0x08012750   0x00000052   Code   RO           55    .text.svr_isTarget  main.o
    0x080127a2   0x080127a2   0x00000002   PAD
    0x080127a4   0x080127a4   0x00000028   Code   RO           53    .text.svr_postAction  main.o
    0x080127cc   0x080127cc   0x00000002   Code   RO           71    .text.svr_postGet   main.o
    0x080127ce   0x080127ce   0x00000002   PAD
    0x080127d0   0x080127d0   0x00000002   Code   RO           49    .text.svr_postRead  main.o
    0x080127d2   0x080127d2   0x00000002   PAD
    0x080127d4   0x080127d4   0x00000002   Code   RO           51    .text.svr_postWrite  main.o
    0x080127d6   0x080127d6   0x00000002   PAD
    0x080127d8   0x080127d8   0x00000028   Code   RO           47    .text.svr_preAction  main.o
    0x08012800   0x08012800   0x00000028   Code   RO           69    .text.svr_preGet    main.o
    0x08012828   0x08012828   0x00000092   Code   RO           43    .text.svr_preRead   main.o
    0x080128ba   0x080128ba   0x00000002   PAD
    0x080128bc   0x080128bc   0x00000002   Code   RO           45    .text.svr_preWrite  main.o
    0x080128be   0x080128be   0x00000002   PAD
    0x080128c0   0x080128c0   0x000000d8   Code   RO         2310    .text.svr_reportError  server.o
    0x08012998   0x08012998   0x0000005c   Code   RO         2298    .text.svr_reset     server.o
    0x080129f4   0x080129f4   0x00000004   Code   RO           57    .text.svr_validateAuthentication  main.o
    0x080129f8   0x080129f8   0x0000000e   Code   RO         1258    .text.time_addHours  date.o
    0x08012a06   0x08012a06   0x00000002   PAD
    0x08012a08   0x08012a08   0x0000000e   Code   RO         1264    .text.time_addMinutes  date.o
    0x08012a16   0x08012a16   0x00000002   PAD
    0x08012a18   0x08012a18   0x00000008   Code   RO         1270    .text.time_addSeconds  date.o
    0x08012a20   0x08012a20   0x0000001c   Code   RO         1310    .text.time_addTime  date.o
    0x08012a3c   0x08012a3c   0x0000000a   Code   RO         1290    .text.time_clear    date.o
    0x08012a46   0x08012a46   0x00000002   PAD
    0x08012a48   0x08012a48   0x0000002c   Code   RO         1252    .text.time_clearDate  date.o
    0x08012a74   0x08012a74   0x00000052   Code   RO         1254    .text.time_clearTime  date.o
    0x08012ac6   0x08012ac6   0x00000002   PAD
    0x08012ac8   0x08012ac8   0x0000001a   Code   RO         1318    .text.time_compare  date.o
    0x08012ae2   0x08012ae2   0x00000002   PAD
    0x08012ae4   0x08012ae4   0x00000326   Code   RO         1312    .text.time_compareWithDiff  date.o
    0x08012e0a   0x08012e0a   0x00000002   PAD
    0x08012e0c   0x08012e0c   0x00000004   Code   RO           13    .text.time_elapsed  main.o
    0x08012e10   0x08012e10   0x000001d0   Code   RO         1306    .text.time_fromUnixTime2  date.o
    0x08012fe0   0x08012fe0   0x0000002a   Code   RO         1260    .text.time_getHours  date.o
    0x0801300a   0x0801300a   0x00000002   PAD
    0x0801300c   0x0801300c   0x00000022   Code   RO         1266    .text.time_getMinutes  date.o
    0x0801302e   0x0801302e   0x00000002   PAD
    0x08013030   0x08013030   0x0000001c   Code   RO         1272    .text.time_getSeconds  date.o
    0x0801304c   0x0801304c   0x0000014a   Code   RO         1250    .text.time_init     date.o
    0x08013196   0x08013196   0x00000002   PAD
    0x08013198   0x08013198   0x0000000c   Code   RO         1288    .text.time_initUnix  date.o
    0x080131a4   0x080131a4   0x0000002e   Code   RO         1326    .text.time_toUTC    date.o
    0x080131d2   0x080131d2   0x00000002   PAD
    0x080131d4   0x080131d4   0x00000184   Code   RO         1314    .text.time_toUnixTime2  date.o
    0x08013358   0x08013358   0x0000000a   Code   RO         1535    .text.trans_clear   dlmssettings.o
    0x08013362   0x08013362   0x00000002   PAD
    0x08013364   0x08013364   0x00000018   Code   RO         1537    .text.updateInvokeId  dlmssettings.o
    0x0801337c   0x0801337c   0x0000001c   Code   RO         2447    .text.va_getByIndex  variant.o
    0x08013398   0x08013398   0x00000008   Code   RO         2459    .text.va_getCapacity  variant.o
    0x080133a0   0x080133a0   0x0000001a   Code   RO         2391    .text.var_clear     variant.o
    0x080133ba   0x080133ba   0x00000002   PAD
    0x080133bc   0x080133bc   0x00000146   Code   RO         2453    .text.var_copy      variant.o
    0x08013502   0x08013502   0x00000002   PAD
    0x08013504   0x08013504   0x00000006   Code   RO         2443    .text.var_getBytes2  variant.o
    0x0801350a   0x0801350a   0x00000002   PAD
    0x0801350c   0x0801350c   0x000002d8   Code   RO         2445    .text.var_getBytes3  variant.o
    0x080137e4   0x080137e4   0x000000d2   Code   RO         2437    .text.var_getDate   variant.o
    0x080138b6   0x080138b6   0x00000002   PAD
    0x080138b8   0x080138b8   0x00000162   Code   RO         2435    .text.var_getDateTime2  variant.o
    0x08013a1a   0x08013a1a   0x00000002   PAD
    0x08013a1c   0x08013a1c   0x00000090   Code   RO         2439    .text.var_getTime   variant.o
    0x08013aac   0x08013aac   0x0000000c   Code   RO         2433    .text.var_init      variant.o
    0x08013ab8   0x08013ab8   0x0000001e   Code   RO         2395    .text.var_setUInt16  variant.o
    0x08013ad6   0x08013ad6   0x00000002   PAD
    0x08013ad8   0x08013ad8   0x000000a4   Code   RO         2451    .text.var_toInteger  variant.o
    0x08013b7c   0x08013b7c   0x00000028   Code   RO         2128    .text.ve_clear      gxvalueeventargs.o
    0x08013ba4   0x08013ba4   0x00000028   Code   RO         2126    .text.ve_init       gxvalueeventargs.o
    0x08013bcc   0x08013bcc   0x00000010   Code   RO         2116    .text.vec_attach    gxvalueeventargs.o
    0x08013bdc   0x08013bdc   0x00000008   Code   RO         2122    .text.vec_clear     gxvalueeventargs.o
    0x08013be4   0x08013be4   0x00000008   Code   RO         2120    .text.vec_empty     gxvalueeventargs.o
    0x08013bec   0x08013bec   0x0000001a   Code   RO         2124    .text.vec_getByIndex  gxvalueeventargs.o
    0x08013c06   0x08013c06   0x00000002   PAD
    0x08013c08   0x08013c08   0x0000000a   Code   RO         2110    .text.vec_init      gxvalueeventargs.o
    0x08013c12   0x08013c12   0x0000000e   Code   RO         2547    i._is_digit         c_w.l(__printf_wp.o)
    0x08013c20   0x08013c20   0x0000002c   Code   RO         2773    locale$$code        c_w.l(lc_ctype_c.o)
    0x08013c4c   0x08013c4c   0x00000150   Code   RO         2582    x$fpl$dadd          fz_wm.l(daddsub_clz.o)
    0x08013d9c   0x08013d9c   0x0000005e   Code   RO         2594    x$fpl$dfix          fz_wm.l(dfix.o)
    0x08013dfa   0x08013dfa   0x0000002e   Code   RO         2599    x$fpl$dflt          fz_wm.l(dflt_clz.o)
    0x08013e28   0x08013e28   0x00000026   Code   RO         2598    x$fpl$dfltu         fz_wm.l(dflt_clz.o)
    0x08013e4e   0x08013e4e   0x00000002   PAD
    0x08013e50   0x08013e50   0x00000154   Code   RO         2608    x$fpl$dmul          fz_wm.l(dmul.o)
    0x08013fa4   0x08013fa4   0x0000009c   Code   RO         2647    x$fpl$dnaninf       fz_wm.l(dnaninf.o)
    0x08014040   0x08014040   0x0000000c   Code   RO         2649    x$fpl$dretinf       fz_wm.l(dretinf.o)
    0x0801404c   0x0801404c   0x000001dc   Code   RO         2584    x$fpl$dsub          fz_wm.l(daddsub_clz.o)
    0x08014228   0x08014228   0x0000001a   Code   RO         2914    x$fpl$fpinit        fz_wm.l(fpinit.o)
    0x08014242   0x08014242   0x00000000   Code   RO         2653    x$fpl$usenofp       fz_wm.l(usenofp.o)
    0x08014242   0x08014242   0x00000002   PAD
    0x08014244   0x08014244   0x00000008   Data   RO         2514    .constdata          c_w.l(_printf_wctomb.o)
    0x0801424c   0x0801424c   0x00000028   Data   RO         2526    .constdata          c_w.l(_printf_hex_ptr.o)
    0x08014274   0x08014274   0x00000011   Data   RO         2555    .constdata          c_w.l(__printf_flags_ss_wp.o)
    0x08014285   0x08014285   0x00000002   Data   RO           85    .rodata..L.str.3    main.o
    0x08014287   0x08014287   0x00000001   PAD
    0x08014288   0x08014288   0x00000070   Data   RO         2184    .rodata..Lswitch.table.hlp_getDataTypeSize  helpers.o
    0x080142f8   0x080142f8   0x00000010   Data   RO          820    .rodata.AHBPrescTable  system_stm32l4xx.o
    0x08014308   0x08014308   0x00000008   Data   RO          821    .rodata.APBPrescTable  system_stm32l4xx.o
    0x08014310   0x08014310   0x00000006   Data   RO         2369    .rodata.DEFAULT_ASSOCIATION  server.o
    0x08014316   0x08014316   0x00000010   Data   RO         1492    .rodata.EMPTY_KEY   dlms.o
    0x08014326   0x08014326   0x00000006   Data   RO         1233    .rodata.EMPTY_LN    cosem.o
    0x0801432c   0x0801432c   0x00000006   Data   RO         1676    .rodata.EMPTY_LN    gxget.o
    0x08014332   0x08014332   0x00000006   Data   RO         1749    .rodata.EMPTY_LN    gxobjects.o
    0x08014338   0x08014338   0x00000006   Data   RO         2368    .rodata.EMPTY_LN    server.o
    0x0801433e   0x0801433e   0x00000008   Data   RO          862    .rodata.EMPTY_SYSTEM_TITLE  apdu.o
    0x08014346   0x08014346   0x00000008   Data   RO         1063    .rodata.EMPTY_SYSTEM_TITLE  ciphering.o
    0x0801434e   0x0801434e   0x00000008   Data   RO         1493    .rodata.EMPTY_SYSTEM_TITLE  dlms.o
    0x08014356   0x08014356   0x00000200   Data   RO         1498    .rodata.FCS16Table  dlms.o
    0x08014556   0x08014556   0x00000003   Data   RO         1496    .rodata.LLC_REPLY_BYTES  dlms.o
    0x08014559   0x08014559   0x00000003   Data   RO         1495    .rodata.LLC_SEND_BYTES  dlms.o
    0x0801455c   0x0801455c   0x00000030   Data   RO          822    .rodata.MSIRangeTable  system_stm32l4xx.o
    0x0801458c   0x0801458c   0x00000008   Data   RO         1065    .rodata.WRAP_IV     ciphering.o
    0x08014594   0x08014594   0x00000100   Data   RO         1565    .rodata.__RS_BOX    gxaes.o
    0x08014694   0x08014694   0x00000100   Data   RO         1564    .rodata.__SBOX      gxaes.o
    0x08014794   0x08014794   0x00000400   Data   RO         1066    .rodata.__TE        ciphering.o
    0x08014b94   0x08014b94   0x00000010   Data   RO          291    .rodata.cst16       stm32l4xx_hal_uart.o
    0x08014ba4   0x08014ba4   0x00000010   Data   RO         1494    .rodata.cst16       dlms.o
    0x08014bb4   0x08014bb4   0x00000006   Data   RO         1675    .rodata.getLNObjects.ln  gxget.o
    0x08014bba   0x08014bba   0x00000018   Data   RO           84    .rodata.str1.1      main.o
    0x08014bd2   0x08014bd2   0x00000002   PAD
    0x08014bd4   0x08014bd4   0x00000020   Data   RO         3008    Region$$Table       anon$$obj.o
    0x08014bf4   0x08014bf4   0x00000110   Data   RO         2772    locale$$data        c_w.l(lc_ctype_c.o)


    Execution Region RW_IRAM2 (Exec base: 0x10000000, Load base: 0x08014d30, Size: 0x00000000, Max: 0x00004000, ABSOLUTE)

    **** No section assigned to this execution region ****


    Execution Region RW_IRAM1 (Exec base: 0x20000000, Load base: 0x08014d08, Size: 0x00001688, Max: 0x0000c000, ABSOLUTE)

    Exec Addr    Load Addr    Size         Type   Attr      Idx    E Section Name        Object

    0x20000000   0x08014d08   0x00000018   Data   RW           98    .data..L_MergedGlobals  main.o
    0x20000018   0x08014d20   0x00000008   Data   RW          401    .data..L_MergedGlobals  stm32l4xx_hal.o
    0x20000020   0x08014d28   0x00000004   Data   RW          819    .data.SystemCoreClock  system_stm32l4xx.o
    0x20000024   0x08014d2c   0x00000002   Data   RW         2182    .data.lfsr          helpers.o
    0x20000026   0x08014d2e   0x00000002   PAD
    0x20000028        -       0x00000060   Zero   RW         2861    .bss                c_w.l(libspace.o)
    0x20000088        -       0x00000044   Zero   RW         1067    .bss..L_MergedGlobals  ciphering.o
    0x200000cc        -       0x0000000c   Zero   RW         1566    .bss..L_MergedGlobals  gxaes.o
    0x200000d8        -       0x00000064   Zero   RW           99    .bss..L_MergedGlobals.12  main.o
    0x2000013c   0x08014d2e   0x00000004   PAD
    0x20000140        -       0x00000050   Zero   RW          100    .bss..L_MergedGlobals.13  main.o
    0x20000190        -       0x00000070   Zero   RW          101    .bss..L_MergedGlobals.14  main.o
    0x20000200        -       0x00000040   Zero   RW           94    .bss.C2S_CHALLENGE  main.o
    0x20000240        -       0x000000b0   Zero   RW         1563    .bss.RoundKey       gxaes.o
    0x200002f0        -       0x00000040   Zero   RW           95    .bss.S2C_CHALLENGE  main.o
    0x20000330        -       0x00000080   Zero   RW           86    .bss.association    main.o
    0x200003b0        -       0x00000004   Zero   RW         2183    .bss.bit            helpers.o
    0x200003b4        -       0x000000f4   Zero   RW         1062    .bss.cip_crypt.aes  ciphering.o
    0x200004a8        -       0x00000008   Zero   RW         1064    .bss.cip_decrypt.systemTitle  ciphering.o
    0x200004b0        -       0x0000004c   Zero   RW           87    .bss.clock1         main.o
    0x200004fc   0x08014d2e   0x00000004   PAD
    0x20000500        -       0x00000370   Zero   RW           93    .bss.events         main.o
    0x20000870        -       0x00000091   Zero   RW           91    .bss.frameBuff      main.o
    0x20000901   0x08014d2e   0x00000003   PAD
    0x20000904        -       0x000000b4   Zero   RW           96    .bss.huart1         main.o
    0x200009b8        -       0x000000b4   Zero   RW           89    .bss.huart2         main.o
    0x20000a6c        -       0x00000046   Zero   RW         1497    .bss.pduAttributes  dlms.o
    0x20000ab2        -       0x00000203   Zero   RW           92    .bss.pduBuff        main.o
    0x20000cb5        -       0x00000211   Zero   RW           90    .bss.replyFrame     main.o
    0x20000ec6   0x08014d2e   0x00000002   PAD
    0x20000ec8        -       0x000001b8   Zero   RW           88    .bss.settings       main.o
    0x20001080        -       0x00000004   Zero   RW          400    .bss.uwTick         stm32l4xx_hal.o
    0x20001084   0x08014d2e   0x00000004   PAD
    0x20001088        -       0x00000200   Zero   RW            2    HEAP                startup_stm32l433xx.o
    0x20001288        -       0x00000400   Zero   RW            1    STACK               startup_stm32l433xx.o

